/home/austinhunter/IonosphereTomography
=================================================================
  demo_group.py — Grouped Occultation KF Processing
=================================================================
  Scanning 3547 files for metadata …
  Found 3547 valid files across 494 geographic groups (48 30-min windows).

Batch date     : 2024-10-10
Time bins      : 30-minute windows
Lat bin size   : 30.0°  |  Lon bin size: 60.0°
Polar cap lat  : ±60.0°

Building global EDP cache for 2024-10-10 …
 -> IRI center inputs for 2024-10-10: F10.7=215.6, Ap=97, IG12=129.0, Rz12=160.9
 -> Building 24 hourly global grids with 12 workers ...
EDPS: (54, 1650, 50), N_geo: 1650EDPS: (54, 1650, 50), N_geo: 1650EDPS: (54, 1650, 50), N_geo: 1650


EDPS: (54, 1650, 50), N_geo: 1650
EDPS: (54, 1650, 50), N_geo: 1650
EDPS: (54, 1650, 50), N_geo: 1650
EDPS: (54, 1650, 50), N_geo: 1650
    [Hour 11] done (1/24)EDPS: (54, 1650, 50), N_geo: 1650

    [Hour 10] done (2/24)
    [Hour 08] done (3/24)
EDPS: (54, 1650, 50), N_geo: 1650
EDPS: (54, 1650, 50), N_geo: 1650EDPS: (54, 1650, 50), N_geo: 1650

EDPS: (54, 1650, 50), N_geo: 1650
    [Hour 09] done (4/24)
    [Hour 06] done (5/24)
    [Hour 05] done (6/24)
    [Hour 04] done (7/24)
    [Hour 07] done (8/24)
    [Hour 00] done (9/24)
    [Hour 03] done (10/24)
    [Hour 01] done (11/24)
    [Hour 02] done (12/24)
EDPS: (54, 1650, 50), N_geo: 1650
    [Hour 12] done (13/24)
EDPS: (54, 1650, 50), N_geo: 1650
    [Hour 13] done (14/24)
EDPS: (54, 1650, 50), N_geo: 1650
    [Hour 14] done (15/24)
EDPS: (54, 1650, 50), N_geo: 1650
EDPS: (54, 1650, 50), N_geo: 1650
    [Hour 16] done (16/24)
    [Hour 15] done (17/24)
EDPS: (54, 1650, 50), N_geo: 1650
    [Hour 17] done (18/24)
EDPS: (54, 1650, 50), N_geo: 1650
    [Hour 18] done (19/24)
EDPS: (54, 1650, 50), N_geo: 1650
EDPS: (54, 1650, 50), N_geo: 1650
    [Hour 19] done (20/24)
    [Hour 20] done (21/24)
EDPS: (54, 1650, 50), N_geo: 1650
EDPS: (54, 1650, 50), N_geo: 1650
    [Hour 21] done (22/24)
    [Hour 22] done (23/24)
EDPS: (54, 1650, 50), N_geo: 1650
    [Hour 23] done (24/24)
EDPS: (54, 1650, 50), N_geo: 1650
EDPS: (54, 1650, 50), N_geo: 1650
EDPS: (54, 1650, 50), N_geo: 1650
EDPS: (54, 1650, 50), N_geo: 1650
EDPS: (54, 1650, 50), N_geo: 1650
EDPS: (54, 1650, 50), N_geo: 1650
EDPS: (54, 1650, 50), N_geo: 1650
EDPS: (54, 1650, 50), N_geo: 1650
EDPS: (54, 1650, 50), N_geo: 1650
EDPS: (54, 1650, 50), N_geo: 1650
EDPS: (54, 1650, 50), N_geo: 1650
EDPS: (54, 1650, 50), N_geo: 1650
EDPS: (54, 1650, 50), N_geo: 1650
EDPS: (54, 1650, 50), N_geo: 1650
EDPS: (54, 1650, 50), N_geo: 1650
EDPS: (54, 1650, 50), N_geo: 1650
EDPS: (54, 1650, 50), N_geo: 1650
EDPS: (54, 1650, 50), N_geo: 1650
EDPS: (54, 1650, 50), N_geo: 1650
EDPS: (54, 1650, 50), N_geo: 1650
EDPS: (54, 1650, 50), N_geo: 1650
EDPS: (54, 1650, 50), N_geo: 1650
EDPS: (54, 1650, 50), N_geo: 1650
EDPS: (54, 1650, 50), N_geo: 1650
 -> All 24 hourly global EDP grids loaded.
Global EDP cache ready.

Processing 494 groups …

[1/494]
────────────────────────────────────────────────────────────
  Group : 2024-10-10_0000__LAT+030_LON-120
  Window: 2024-10-10_0000  |  Region: LAT+030_LON-120  |  1 occultation(s)
────────────────────────────────────────────────────────────
E6 is rising
  Parsed 1/1 files successfully.
  Bounding box: lat [19.9, 90.0]  lon [-83.9, -23.8]  |  vertices: 91
  Final group: 1 occultation(s), 91 mesh vertices
  [1/1] Building H for GN05 00:00 (515 rays) …
  -> Building H Matrix (515 rays, parallel)...
  Combined H shape : (515, 5005)  (total rays = 515)
  Running sequential KF assimilation …
  [step 1/1] Assimilating GN05 00:00 (515 rays) …
  Prior RMSE : 146.031 TECU
  Post  RMSE : 20.415 TECU
  -> Running Lei-Abel inversion...
    [Abel] GN05 00:00: NmF2=4.01e+11 m⁻³  hmF2=364.6 km
/home/austinhunter/IonosphereTomography/demo_group.py:916: MatplotlibDeprecationWarning: The get_cmap function was deprecated in Matplotlib 3.7 and will be removed in 3.11. Use ``matplotlib.colormaps[name]`` or ``matplotlib.colormaps.get_cmap()`` or ``pyplot.get_cmap()`` instead.
  cmap      = cm.get_cmap(cmap_name)
/home/austinhunter/IonosphereTomography/demo_group.py:1161: UserWarning: This figure includes Axes that are not compatible with tight_layout, so results might be incorrect.
  plt.tight_layout()
  Saved group plot → ./Figures/GroupKF/group_2024-10-10_0000__LAT+030_LON-120.png
/home/austinhunter/IonosphereTomography/demo_group.py:716: MatplotlibDeprecationWarning: The get_cmap function was deprecated in Matplotlib 3.7 and will be removed in 3.11. Use ``matplotlib.colormaps[name]`` or ``matplotlib.colormaps.get_cmap()`` or ``pyplot.get_cmap()`` instead.
  step_cmap    = cm.get_cmap("viridis", max(n_occs, 2))
  Saved sequential plot → ./Figures/GroupKF/group_2024-10-10_0000__LAT+030_LON-120_sequential.png

[2/494]
────────────────────────────────────────────────────────────
  Group : 2024-10-10_0000__LAT+000_LON-060
  Window: 2024-10-10_0000  |  Region: LAT+000_LON-060  |  7 occultation(s)
────────────────────────────────────────────────────────────
Data Flipped: E24 is setting
Data Flipped: G9 is setting
Data Flipped: E5 is setting
Data Flipped: G7 is setting
Data Flipped: R14 is setting
R3 is rising
Data not high enough. Skipping.
    [skip] podTc2_GN05.2024.284.00.09.0011.R07.01_0000.0001_nc — parse returned None
  Parsed 6/7 files successfully.
  Bounding box: lat [-19.4, 85.8]  lon [-100.4, -7.0]  |  vertices: 285
  Final group: 6 occultation(s), 285 mesh vertices
  [1/6] Building H for GN05 00:00 (214 rays) …
  -> Building H Matrix (214 rays, parallel)...
  [2/6] Building H for GN05 00:03 (286 rays) …
  -> Building H Matrix (286 rays, parallel)...
  [3/6] Building H for GN05 00:05 (153 rays) …
  -> Building H Matrix (153 rays, parallel)...
  [4/6] Building H for GN05 00:08 (132 rays) …
  -> Building H Matrix (132 rays, parallel)...
  [5/6] Building H for GN05 00:08 (90 rays) …
  -> Building H Matrix (90 rays, parallel)...
  [6/6] Building H for GN05 00:09 (797 rays) …
  -> Building H Matrix (797 rays, parallel)...
  Combined H shape : (1672, 15675)  (total rays = 1672)
  Running sequential KF assimilation …
  [step 1/6] Assimilating GN05 00:00 (214 rays) …
  [step 2/6] Assimilating GN05 00:03 (286 rays) …
  [step 3/6] Assimilating GN05 00:05 (153 rays) …
  [step 4/6] Assimilating GN05 00:08 (132 rays) …
  [step 5/6] Assimilating GN05 00:08 (90 rays) …
  [step 6/6] Assimilating GN05 00:09 (797 rays) …
  Prior RMSE : 135.770 TECU
  Post  RMSE : 85.234 TECU
  -> Running Lei-Abel inversion...
    [Abel] GN05 00:00: NmF2=9.19e+11 m⁻³  hmF2=476.2 km
  -> Running Lei-Abel inversion...
    [Abel] GN05 00:03: NmF2=1.98e+12 m⁻³  hmF2=533.7 km
  -> Running Lei-Abel inversion...
    [Abel] GN05 00:05: NmF2=1.42e+12 m⁻³  hmF2=551.5 km
  -> Running Lei-Abel inversion...
    [Abel] GN05 00:08: NmF2=8.18e+11 m⁻³  hmF2=536.1 km
  -> Running Lei-Abel inversion...
    [Abel] GN05 00:08: NmF2=7.31e+11 m⁻³  hmF2=557.5 km
  -> Running Lei-Abel inversion...
    [Abel] GN05 00:09: NmF2=1.17e+13 m⁻³  hmF2=527.4 km
/home/austinhunter/IonosphereTomography/demo_group.py:916: MatplotlibDeprecationWarning: The get_cmap function was deprecated in Matplotlib 3.7 and will be removed in 3.11. Use ``matplotlib.colormaps[name]`` or ``matplotlib.colormaps.get_cmap()`` or ``pyplot.get_cmap()`` instead.
  cmap      = cm.get_cmap(cmap_name)
/home/austinhunter/IonosphereTomography/demo_group.py:1161: UserWarning: This figure includes Axes that are not compatible with tight_layout, so results might be incorrect.
  plt.tight_layout()
  Saved group plot → ./Figures/GroupKF/group_2024-10-10_0000__LAT+000_LON-060.png
/home/austinhunter/IonosphereTomography/demo_group.py:716: MatplotlibDeprecationWarning: The get_cmap function was deprecated in Matplotlib 3.7 and will be removed in 3.11. Use ``matplotlib.colormaps[name]`` or ``matplotlib.colormaps.get_cmap()`` or ``pyplot.get_cmap()`` instead.
  step_cmap    = cm.get_cmap("viridis", max(n_occs, 2))
  Saved sequential plot → ./Figures/GroupKF/group_2024-10-10_0000__LAT+000_LON-060_sequential.png

[3/494]
────────────────────────────────────────────────────────────
  Group : 2024-10-10_0000__POLAR_N
  Window: 2024-10-10_0000  |  Region: POLAR_N  |  20 occultation(s)
────────────────────────────────────────────────────────────
G31 is rising
C27 is rising
C23 is rising
E33 is rising
R12 is rising
E9 is rising
G26 is rising
C28 is rising
C37 is rising
Data Flipped: E8 is setting
G4 is rising
Data Flipped: R15 is setting
Data Flipped: G15 is setting
Data Flipped: G14 is setting
Data Flipped: E15 is setting
Data Flipped: E7 is setting
Data Flipped: R20 is setting
Data Flipped: G11 is setting
Data Flipped: C45 is setting
Data Flipped: C44 is setting
  Parsed 20/20 files successfully.
  Bounding box: lat [65.0, 90.0]  lon [-180.0, 180.0]  |  vertices: 77
  Final group: 20 occultation(s), 77 mesh vertices
  [1/20] Building H for GN05 00:00 (363 rays) …
  -> Building H Matrix (363 rays, parallel)...
  [2/20] Building H for GN05 00:02 (507 rays) …
  -> Building H Matrix (507 rays, parallel)...
  [3/20] Building H for GN05 00:03 (393 rays) …
  -> Building H Matrix (393 rays, parallel)...
  [4/20] Building H for GN05 00:07 (502 rays) …
  -> Building H Matrix (502 rays, parallel)...
  [5/20] Building H for GN05 00:07 (404 rays) …
  -> Building H Matrix (404 rays, parallel)...
  [6/20] Building H for GN05 00:08 (633 rays) …
  -> Building H Matrix (633 rays, parallel)...
  [7/20] Building H for GN05 00:09 (445 rays) …
  -> Building H Matrix (445 rays, parallel)...
  [8/20] Building H for GN05 00:09 (440 rays) …
  -> Building H Matrix (440 rays, parallel)...
  [9/20] Building H for GN05 00:12 (369 rays) …
  -> Building H Matrix (369 rays, parallel)...
  [10/20] Building H for GN05 00:13 (416 rays) …
  -> Building H Matrix (416 rays, parallel)...
  [11/20] Building H for GN05 00:13 (679 rays) …
  -> Building H Matrix (679 rays, parallel)...
  [12/20] Building H for GN05 00:14 (436 rays) …
  -> Building H Matrix (436 rays, parallel)...
  [13/20] Building H for GN05 00:15 (609 rays) …
  -> Building H Matrix (609 rays, parallel)...
  [14/20] Building H for GN05 00:20 (596 rays) …
  -> Building H Matrix (596 rays, parallel)...
  [15/20] Building H for GN05 00:21 (445 rays) …
  -> Building H Matrix (445 rays, parallel)...
  [16/20] Building H for GN05 00:22 (617 rays) …
  -> Building H Matrix (617 rays, parallel)...
  [17/20] Building H for GN05 00:23 (504 rays) …
  -> Building H Matrix (504 rays, parallel)...
  [18/20] Building H for GN05 00:23 (446 rays) …
  -> Building H Matrix (446 rays, parallel)...
  [19/20] Building H for GN05 00:23 (388 rays) …
  -> Building H Matrix (388 rays, parallel)...
  [20/20] Building H for GN05 00:26 (509 rays) …
  -> Building H Matrix (509 rays, parallel)...
  Combined H shape : (9701, 4235)  (total rays = 9701)
  Running sequential KF assimilation …
  [step 1/20] Assimilating GN05 00:00 (363 rays) …
  [step 2/20] Assimilating GN05 00:02 (507 rays) …
  [step 3/20] Assimilating GN05 00:03 (393 rays) …
  [step 4/20] Assimilating GN05 00:07 (502 rays) …
  [step 5/20] Assimilating GN05 00:07 (404 rays) …
  [step 6/20] Assimilating GN05 00:08 (633 rays) …
  [step 7/20] Assimilating GN05 00:09 (445 rays) …
  [step 8/20] Assimilating GN05 00:09 (440 rays) …
  [step 9/20] Assimilating GN05 00:12 (369 rays) …
  [step 10/20] Assimilating GN05 00:13 (416 rays) …
  [step 11/20] Assimilating GN05 00:13 (679 rays) …
  [step 12/20] Assimilating GN05 00:14 (436 rays) …
  [step 13/20] Assimilating GN05 00:15 (609 rays) …
  [step 14/20] Assimilating GN05 00:20 (596 rays) …
  [step 15/20] Assimilating GN05 00:21 (445 rays) …
  [step 16/20] Assimilating GN05 00:22 (617 rays) …
  [step 17/20] Assimilating GN05 00:23 (504 rays) …
  [step 18/20] Assimilating GN05 00:23 (446 rays) …
  [step 19/20] Assimilating GN05 00:23 (388 rays) …
  [step 20/20] Assimilating GN05 00:26 (509 rays) …
  Prior RMSE : 74.106 TECU
  Post  RMSE : 116.593 TECU
  -> Running Lei-Abel inversion...
    [Abel] GN05 00:00: NmF2=2.70e+11 m⁻³  hmF2=365.8 km
  -> Running Lei-Abel inversion...
    [Abel] GN05 00:02: NmF2=5.28e+11 m⁻³  hmF2=361.1 km
  -> Running Lei-Abel inversion...
    [Abel] GN05 00:03: NmF2=5.14e+11 m⁻³  hmF2=339.0 km
  -> Running Lei-Abel inversion...
    [Abel] GN05 00:07: NmF2=7.92e+11 m⁻³  hmF2=255.4 km
  -> Running Lei-Abel inversion...
    [Abel] GN05 00:07: NmF2=7.04e+11 m⁻³  hmF2=376.3 km
  -> Running Lei-Abel inversion...
    [Abel] GN05 00:08: NmF2=7.42e+11 m⁻³  hmF2=258.5 km
  -> Running Lei-Abel inversion...
    [Abel] GN05 00:09: NmF2=4.35e+11 m⁻³  hmF2=360.2 km
  -> Running Lei-Abel inversion...
    [Abel] GN05 00:09: NmF2=1.05e+12 m⁻³  hmF2=268.8 km
  -> Running Lei-Abel inversion...
    [Abel] GN05 00:12: NmF2=7.64e+11 m⁻³  hmF2=272.4 km
  -> Running Lei-Abel inversion...
    [Abel] GN05 00:13: NmF2=1.55e+11 m⁻³  hmF2=382.9 km
  -> Running Lei-Abel inversion...
    [Abel] GN05 00:13: NmF2=1.26e+12 m⁻³  hmF2=294.3 km
  -> Running Lei-Abel inversion...
    [Abel] GN05 00:14: NmF2=3.31e+11 m⁻³  hmF2=389.3 km
  -> Running Lei-Abel inversion...
    [Abel] GN05 00:15: NmF2=4.72e+11 m⁻³  hmF2=443.2 km
  -> Running Lei-Abel inversion...
    [Abel] GN05 00:20: NmF2=6.16e+11 m⁻³  hmF2=338.5 km
  -> Running Lei-Abel inversion...
    [Abel] GN05 00:21: NmF2=5.03e+11 m⁻³  hmF2=346.5 km
  -> Running Lei-Abel inversion...
    [Abel] GN05 00:22: NmF2=6.25e+11 m⁻³  hmF2=362.1 km
  -> Running Lei-Abel inversion...
    [Abel] GN05 00:23: NmF2=5.05e+11 m⁻³  hmF2=293.3 km
  -> Running Lei-Abel inversion...
    [Abel] GN05 00:23: NmF2=5.66e+11 m⁻³  hmF2=317.7 km
  -> Running Lei-Abel inversion...
    [Abel] GN05 00:23: NmF2=5.45e+11 m⁻³  hmF2=321.6 km
  -> Running Lei-Abel inversion...
    [Abel] GN05 00:26: NmF2=6.85e+11 m⁻³  hmF2=272.8 km
/home/austinhunter/IonosphereTomography/demo_group.py:916: MatplotlibDeprecationWarning: The get_cmap function was deprecated in Matplotlib 3.7 and will be removed in 3.11. Use ``matplotlib.colormaps[name]`` or ``matplotlib.colormaps.get_cmap()`` or ``pyplot.get_cmap()`` instead.
  cmap      = cm.get_cmap(cmap_name)
/home/austinhunter/IonosphereTomography/demo_group.py:1161: UserWarning: This figure includes Axes that are not compatible with tight_layout, so results might be incorrect.
  plt.tight_layout()
  Saved group plot → ./Figures/GroupKF/group_2024-10-10_0000__POLAR_N.png
/home/austinhunter/IonosphereTomography/demo_group.py:716: MatplotlibDeprecationWarning: The get_cmap function was deprecated in Matplotlib 3.7 and will be removed in 3.11. Use ``matplotlib.colormaps[name]`` or ``matplotlib.colormaps.get_cmap()`` or ``pyplot.get_cmap()`` instead.
  step_cmap    = cm.get_cmap("viridis", max(n_occs, 2))
  Saved sequential plot → ./Figures/GroupKF/group_2024-10-10_0000__POLAR_N_sequential.png

[4/494]
────────────────────────────────────────────────────────────
  Group : 2024-10-10_0000__LAT+030_LON+120
  Window: 2024-10-10_0000  |  Region: LAT+030_LON+120  |  14 occultation(s)
────────────────────────────────────────────────────────────
Data Flipped: R7 is setting
Data Flipped: E2 is setting
Data Flipped: R16 is setting
Data Flipped: R19 is setting
Data Flipped: C35 is setting
Data Flipped: C40 is setting
Data Flipped: G24 is setting
G23 is rising
Data Flipped: C26 is setting
G8 is rising
G27 is rising
E31 is rising
E24 is rising
G9 is rising
  Parsed 14/14 files successfully.
  Bounding box: lat [-1.0, 90.0]  lon [80.2, -46.6]  |  vertices: 543
  [trim] n_geo=543 > MAX_MESH_VERTICES=400 — dropping GN04 00:01 (82.3° from centroid)
  Bounding box: lat [-1.0, 90.0]  lon [90.4, -46.6]  |  vertices: 520
  [trim] n_geo=520 > MAX_MESH_VERTICES=400 — dropping GN05 00:21 (65.4° from centroid)
  Bounding box: lat [-0.4, 90.0]  lon [90.4, -46.6]  |  vertices: 515
  [trim] n_geo=515 > MAX_MESH_VERTICES=400 — dropping GN05 00:13 (67.6° from centroid)
  Bounding box: lat [-0.4, 90.0]  lon [90.4, -46.6]  |  vertices: 515
  [trim] n_geo=515 > MAX_MESH_VERTICES=400 — dropping GN05 00:24 (68.2° from centroid)
  Bounding box: lat [-0.4, 90.0]  lon [90.4, -46.6]  |  vertices: 515
  [trim] n_geo=515 > MAX_MESH_VERTICES=400 — dropping GN04 00:01 (74.5° from centroid)
  Bounding box: lat [-0.4, 90.0]  lon [90.4, -46.6]  |  vertices: 515
  [trim] n_geo=515 > MAX_MESH_VERTICES=400 — dropping GN05 00:12 (72.2° from centroid)
  Bounding box: lat [-0.4, 90.0]  lon [90.4, -46.6]  |  vertices: 515
  [trim] n_geo=515 > MAX_MESH_VERTICES=400 — dropping GN05 00:08 (78.0° from centroid)
  Bounding box: lat [-0.4, 90.0]  lon [115.8, 180.0]  |  vertices: 148
  Final group: 7 occultation(s), 148 mesh vertices
  [1/7] Building H for GN04 00:01 (414 rays) …
  -> Building H Matrix (414 rays, parallel)...
  [2/7] Building H for GN04 00:04 (380 rays) …
  -> Building H Matrix (380 rays, parallel)...
  [3/7] Building H for GN04 00:05 (228 rays) …
  -> Building H Matrix (228 rays, parallel)...
  [4/7] Building H for GN04 00:06 (234 rays) …
  -> Building H Matrix (234 rays, parallel)...
  [5/7] Building H for GN04 00:06 (357 rays) …
  -> Building H Matrix (357 rays, parallel)...
  [6/7] Building H for GN04 00:09 (176 rays) …
  -> Building H Matrix (176 rays, parallel)...
  [7/7] Building H for GN05 00:14 (393 rays) …
  -> Building H Matrix (393 rays, parallel)...
  Combined H shape : (2182, 8140)  (total rays = 2182)
  Running sequential KF assimilation …
  [step 1/7] Assimilating GN04 00:01 (414 rays) …
  [step 2/7] Assimilating GN04 00:04 (380 rays) …
  [step 3/7] Assimilating GN04 00:05 (228 rays) …
  [step 4/7] Assimilating GN04 00:06 (234 rays) …
  [step 5/7] Assimilating GN04 00:06 (357 rays) …
  [step 6/7] Assimilating GN04 00:09 (176 rays) …
  [step 7/7] Assimilating GN05 00:14 (393 rays) …
  Prior RMSE : 207.589 TECU
  Post  RMSE : 98.814 TECU
  -> Running Lei-Abel inversion...
    [Abel] GN04 00:01: NmF2=2.06e+12 m⁻³  hmF2=288.4 km
  -> Running Lei-Abel inversion...
    [Abel] GN04 00:04: NmF2=2.25e+12 m⁻³  hmF2=289.4 km
  -> Running Lei-Abel inversion...
    [Abel] GN04 00:05: NmF2=8.00e+11 m⁻³  hmF2=407.1 km
  -> Running Lei-Abel inversion...
    [Abel] GN04 00:06: NmF2=4.90e+11 m⁻³  hmF2=426.2 km
  -> Running Lei-Abel inversion...
    [Abel] GN04 00:06: NmF2=2.34e+12 m⁻³  hmF2=280.5 km
  -> Running Lei-Abel inversion...
    [Abel] GN04 00:09: NmF2=9.02e+11 m⁻³  hmF2=426.7 km
  -> Running Lei-Abel inversion...
    [Abel] GN05 00:14: NmF2=1.50e+12 m⁻³  hmF2=276.0 km
/home/austinhunter/IonosphereTomography/demo_group.py:916: MatplotlibDeprecationWarning: The get_cmap function was deprecated in Matplotlib 3.7 and will be removed in 3.11. Use ``matplotlib.colormaps[name]`` or ``matplotlib.colormaps.get_cmap()`` or ``pyplot.get_cmap()`` instead.
  cmap      = cm.get_cmap(cmap_name)
/home/austinhunter/IonosphereTomography/demo_group.py:1161: UserWarning: This figure includes Axes that are not compatible with tight_layout, so results might be incorrect.
  plt.tight_layout()
  Saved group plot → ./Figures/GroupKF/group_2024-10-10_0000__LAT+030_LON+120.png
/home/austinhunter/IonosphereTomography/demo_group.py:716: MatplotlibDeprecationWarning: The get_cmap function was deprecated in Matplotlib 3.7 and will be removed in 3.11. Use ``matplotlib.colormaps[name]`` or ``matplotlib.colormaps.get_cmap()`` or ``pyplot.get_cmap()`` instead.
  step_cmap    = cm.get_cmap("viridis", max(n_occs, 2))
  Saved sequential plot → ./Figures/GroupKF/group_2024-10-10_0000__LAT+030_LON+120_sequential.png

[5/494]
────────────────────────────────────────────────────────────
  Group : 2024-10-10_0000__LAT-030_LON+120
  Window: 2024-10-10_0000  |  Region: LAT-030_LON+120  |  18 occultation(s)
────────────────────────────────────────────────────────────
R5 is rising
E3 is rising
C38 is rising
C22 is rising
G5 is rising
G30 is rising
C21 is rising
C19 is rising
C36 is rising
E25 is rising
Data Flipped: R18 is setting
Data Flipped: E36 is setting
Data Flipped: G25 is setting
Data Flipped: R8 is setting
Data Flipped: C33 is setting
Data Flipped: E21 is setting
Data Flipped: G32 is setting
Data Flipped: E19 is setting
  Parsed 18/18 files successfully.
  Bounding box: lat [-70.4, 38.6]  lon [87.9, -20.5]  |  vertices: 903
  [trim] n_geo=903 > MAX_MESH_VERTICES=400 — dropping GN04 00:07 (89.4° from centroid)
  Bounding box: lat [-70.4, 38.6]  lon [87.9, -20.5]  |  vertices: 903
  [trim] n_geo=903 > MAX_MESH_VERTICES=400 — dropping GN04 00:10 (94.4° from centroid)
  Bounding box: lat [-70.4, 38.6]  lon [87.9, -20.5]  |  vertices: 903
  [trim] n_geo=903 > MAX_MESH_VERTICES=400 — dropping GN04 00:20 (64.1° from centroid)
  Bounding box: lat [-61.4, 38.6]  lon [91.2, 180.0]  |  vertices: 305
  Final group: 15 occultation(s), 305 mesh vertices
  [1/15] Building H for GN04 00:01 (383 rays) …
  -> Building H Matrix (383 rays, parallel)...
  [2/15] Building H for GN04 00:03 (343 rays) …
  -> Building H Matrix (343 rays, parallel)...
  [3/15] Building H for GN04 00:04 (408 rays) …
  -> Building H Matrix (408 rays, parallel)...
  [4/15] Building H for GN04 00:04 (405 rays) …
  -> Building H Matrix (405 rays, parallel)...
  [5/15] Building H for GN04 00:04 (410 rays) …
  -> Building H Matrix (410 rays, parallel)...
  [6/15] Building H for GN04 00:06 (389 rays) …
  -> Building H Matrix (389 rays, parallel)...
  [7/15] Building H for GN04 00:07 (421 rays) …
  -> Building H Matrix (421 rays, parallel)...
  [8/15] Building H for GN04 00:08 (456 rays) …
  -> Building H Matrix (456 rays, parallel)...
  [9/15] Building H for GN04 00:13 (534 rays) …
  -> Building H Matrix (534 rays, parallel)...
  [10/15] Building H for GN04 00:14 (601 rays) …
  -> Building H Matrix (601 rays, parallel)...
  [11/15] Building H for GN04 00:18 (472 rays) …
  -> Building H Matrix (472 rays, parallel)...
  [12/15] Building H for GN04 00:18 (563 rays) …
  -> Building H Matrix (563 rays, parallel)...
  [13/15] Building H for GN04 00:21 (646 rays) …
  -> Building H Matrix (646 rays, parallel)...
  [14/15] Building H for GN04 00:22 (410 rays) …
  -> Building H Matrix (410 rays, parallel)...
  [15/15] Building H for GN04 00:23 (386 rays) …
  -> Building H Matrix (386 rays, parallel)...
  Combined H shape : (6827, 16775)  (total rays = 6827)
  Running sequential KF assimilation …
  [step 1/15] Assimilating GN04 00:01 (383 rays) …
  [step 2/15] Assimilating GN04 00:03 (343 rays) …
  [step 3/15] Assimilating GN04 00:04 (408 rays) …
  [step 4/15] Assimilating GN04 00:04 (405 rays) …
  [step 5/15] Assimilating GN04 00:04 (410 rays) …
  [step 6/15] Assimilating GN04 00:06 (389 rays) …
  [step 7/15] Assimilating GN04 00:07 (421 rays) …
  [step 8/15] Assimilating GN04 00:08 (456 rays) …
  [step 9/15] Assimilating GN04 00:13 (534 rays) …
  [step 10/15] Assimilating GN04 00:14 (601 rays) …
  [step 11/15] Assimilating GN04 00:18 (472 rays) …
  [step 12/15] Assimilating GN04 00:18 (563 rays) …
  [step 13/15] Assimilating GN04 00:21 (646 rays) …
  [step 14/15] Assimilating GN04 00:22 (410 rays) …
  [step 15/15] Assimilating GN04 00:23 (386 rays) …
  Prior RMSE : 254.699 TECU
  Post  RMSE : 106.238 TECU
  -> Running Lei-Abel inversion...
    [Abel] GN04 00:01: NmF2=2.47e+12 m⁻³  hmF2=367.6 km
  -> Running Lei-Abel inversion...
    [Abel] GN04 00:03: NmF2=2.53e+12 m⁻³  hmF2=335.4 km
  -> Running Lei-Abel inversion...
    [Abel] GN04 00:04: NmF2=1.53e+12 m⁻³  hmF2=302.9 km
  -> Running Lei-Abel inversion...
    [Abel] GN04 00:04: NmF2=2.18e+12 m⁻³  hmF2=315.0 km
  -> Running Lei-Abel inversion...
    [Abel] GN04 00:04: NmF2=1.72e+12 m⁻³  hmF2=303.4 km
  -> Running Lei-Abel inversion...
    [Abel] GN04 00:06: NmF2=2.36e+12 m⁻³  hmF2=322.5 km
  -> Running Lei-Abel inversion...
    [Abel] GN04 00:07: NmF2=1.54e+12 m⁻³  hmF2=299.5 km
  -> Running Lei-Abel inversion...
    [Abel] GN04 00:08: NmF2=1.96e+12 m⁻³  hmF2=318.6 km
  -> Running Lei-Abel inversion...
    [Abel] GN04 00:13: NmF2=2.50e+12 m⁻³  hmF2=406.0 km
  -> Running Lei-Abel inversion...
    [Abel] GN04 00:14: NmF2=2.74e+12 m⁻³  hmF2=384.4 km
  -> Running Lei-Abel inversion...
    [Abel] GN04 00:18: NmF2=2.32e+12 m⁻³  hmF2=312.9 km
  -> Running Lei-Abel inversion...
    [Abel] GN04 00:18: NmF2=2.16e+12 m⁻³  hmF2=293.3 km
  -> Running Lei-Abel inversion...
    [Abel] GN04 00:21: NmF2=2.13e+12 m⁻³  hmF2=288.1 km
  -> Running Lei-Abel inversion...
    [Abel] GN04 00:22: NmF2=1.53e+12 m⁻³  hmF2=293.2 km
  -> Running Lei-Abel inversion...
    [Abel] GN04 00:23: NmF2=1.37e+12 m⁻³  hmF2=289.9 km
/home/austinhunter/IonosphereTomography/demo_group.py:916: MatplotlibDeprecationWarning: The get_cmap function was deprecated in Matplotlib 3.7 and will be removed in 3.11. Use ``matplotlib.colormaps[name]`` or ``matplotlib.colormaps.get_cmap()`` or ``pyplot.get_cmap()`` instead.
  cmap      = cm.get_cmap(cmap_name)
/home/austinhunter/IonosphereTomography/demo_group.py:1161: UserWarning: This figure includes Axes that are not compatible with tight_layout, so results might be incorrect.
  plt.tight_layout()
  Saved group plot → ./Figures/GroupKF/group_2024-10-10_0000__LAT-030_LON+120.png
/home/austinhunter/IonosphereTomography/demo_group.py:716: MatplotlibDeprecationWarning: The get_cmap function was deprecated in Matplotlib 3.7 and will be removed in 3.11. Use ``matplotlib.colormaps[name]`` or ``matplotlib.colormaps.get_cmap()`` or ``pyplot.get_cmap()`` instead.
  step_cmap    = cm.get_cmap("viridis", max(n_occs, 2))
  Saved sequential plot → ./Figures/GroupKF/group_2024-10-10_0000__LAT-030_LON+120_sequential.png

[6/494]
────────────────────────────────────────────────────────────
  Group : 2024-10-10_0000__LAT-060_LON+120
  Window: 2024-10-10_0000  |  Region: LAT-060_LON+120  |  11 occultation(s)
────────────────────────────────────────────────────────────
R21 is rising
E13 is rising
E8 is rising
R15 is rising
Data Flipped: G3 is setting
Data Flipped: R1 is setting
Data Flipped: C25 is setting
Data Flipped: C41 is setting
Data Flipped: R2 is setting
Data Flipped: C32 is setting
Data Flipped: R17 is setting
  Parsed 11/11 files successfully.
  Bounding box: lat [-79.3, 2.6]  lon [78.7, -156.2]  |  vertices: 295
  Final group: 11 occultation(s), 295 mesh vertices
  [1/11] Building H for GN04 00:03 (561 rays) …
  -> Building H Matrix (561 rays, parallel)...
  [2/11] Building H for GN04 00:06 (471 rays) …
  -> Building H Matrix (471 rays, parallel)...
  [3/11] Building H for GN04 00:10 (375 rays) …
  -> Building H Matrix (375 rays, parallel)...
  [4/11] Building H for GN04 00:12 (471 rays) …
  -> Building H Matrix (471 rays, parallel)...
  [5/11] Building H for GN04 00:23 (563 rays) …
  -> Building H Matrix (563 rays, parallel)...
  [6/11] Building H for GN04 00:24 (383 rays) …
  -> Building H Matrix (383 rays, parallel)...
  [7/11] Building H for GN04 00:26 (447 rays) …
  -> Building H Matrix (447 rays, parallel)...
  [8/11] Building H for GN04 00:26 (415 rays) …
  -> Building H Matrix (415 rays, parallel)...
  [9/11] Building H for GN04 00:27 (443 rays) …
  -> Building H Matrix (443 rays, parallel)...
  [10/11] Building H for GN04 00:27 (422 rays) …
  -> Building H Matrix (422 rays, parallel)...
  [11/11] Building H for GN04 00:29 (569 rays) …
  -> Building H Matrix (569 rays, parallel)...
  Combined H shape : (5120, 16225)  (total rays = 5120)
  Running sequential KF assimilation …
  [step 1/11] Assimilating GN04 00:03 (561 rays) …
  [step 2/11] Assimilating GN04 00:06 (471 rays) …
  [step 3/11] Assimilating GN04 00:10 (375 rays) …
  [step 4/11] Assimilating GN04 00:12 (471 rays) …
  [step 5/11] Assimilating GN04 00:23 (563 rays) …
  [step 6/11] Assimilating GN04 00:24 (383 rays) …
  [step 7/11] Assimilating GN04 00:26 (447 rays) …
  [step 8/11] Assimilating GN04 00:26 (415 rays) …
  [step 9/11] Assimilating GN04 00:27 (443 rays) …
  [step 10/11] Assimilating GN04 00:27 (422 rays) …
  [step 11/11] Assimilating GN04 00:29 (569 rays) …
  Prior RMSE : 119.483 TECU
  Post  RMSE : 134.770 TECU
  -> Running Lei-Abel inversion...
    [Abel] GN04 00:03: NmF2=9.35e+11 m⁻³  hmF2=291.5 km
  -> Running Lei-Abel inversion...
    [Abel] GN04 00:06: NmF2=7.82e+11 m⁻³  hmF2=286.2 km
  -> Running Lei-Abel inversion...
    [Abel] GN04 00:10: NmF2=1.03e+12 m⁻³  hmF2=282.9 km
  -> Running Lei-Abel inversion...
    [Abel] GN04 00:12: NmF2=1.49e+12 m⁻³  hmF2=304.8 km
  -> Running Lei-Abel inversion...
    [Abel] GN04 00:23: NmF2=1.39e+12 m⁻³  hmF2=263.3 km
  -> Running Lei-Abel inversion...
    [Abel] GN04 00:24: NmF2=9.49e+11 m⁻³  hmF2=276.7 km
  -> Running Lei-Abel inversion...
    [Abel] GN04 00:26: NmF2=6.85e+11 m⁻³  hmF2=258.7 km
  -> Running Lei-Abel inversion...
    [Abel] GN04 00:26: NmF2=6.59e+11 m⁻³  hmF2=280.1 km
  -> Running Lei-Abel inversion...
    [Abel] GN04 00:27: NmF2=5.55e+11 m⁻³  hmF2=283.0 km
  -> Running Lei-Abel inversion...
    [Abel] GN04 00:27: NmF2=5.51e+11 m⁻³  hmF2=289.1 km
  -> Running Lei-Abel inversion...
    [Abel] GN04 00:29: NmF2=6.21e+11 m⁻³  hmF2=324.6 km
/home/austinhunter/IonosphereTomography/demo_group.py:916: MatplotlibDeprecationWarning: The get_cmap function was deprecated in Matplotlib 3.7 and will be removed in 3.11. Use ``matplotlib.colormaps[name]`` or ``matplotlib.colormaps.get_cmap()`` or ``pyplot.get_cmap()`` instead.
  cmap      = cm.get_cmap(cmap_name)
/home/austinhunter/IonosphereTomography/demo_group.py:1161: UserWarning: This figure includes Axes that are not compatible with tight_layout, so results might be incorrect.
  plt.tight_layout()
  Saved group plot → ./Figures/GroupKF/group_2024-10-10_0000__LAT-060_LON+120.png
/home/austinhunter/IonosphereTomography/demo_group.py:716: MatplotlibDeprecationWarning: The get_cmap function was deprecated in Matplotlib 3.7 and will be removed in 3.11. Use ``matplotlib.colormaps[name]`` or ``matplotlib.colormaps.get_cmap()`` or ``pyplot.get_cmap()`` instead.
  step_cmap    = cm.get_cmap("viridis", max(n_occs, 2))
  Saved sequential plot → ./Figures/GroupKF/group_2024-10-10_0000__LAT-060_LON+120_sequential.png

[7/494]
────────────────────────────────────────────────────────────
  Group : 2024-10-10_0000__LAT+030_LON-060
  Window: 2024-10-10_0000  |  Region: LAT+030_LON-060  |  16 occultation(s)
────────────────────────────────────────────────────────────
Data Flipped: R5 is setting
Data Flipped: R21 is setting
Data Flipped: E3 is setting
Data Flipped: E13 is setting
Data Flipped: C38 is setting
Data Flipped: C34 is setting
Data Flipped: G5 is setting
Data Flipped: C22 is setting
Data Flipped: R4 is setting
Data Flipped: G29 is setting
Data Flipped: C21 is setting
Data Flipped: E25 is setting
Data Flipped: C19 is setting
Data Flipped: C42 is setting
Data Flipped: G30 is setting
Data Flipped: C36 is setting
  Parsed 16/16 files successfully.
  Bounding box: lat [4.8, 88.0]  lon [-9.4, -1.2]  |  vertices: 17
  Final group: 16 occultation(s), 17 mesh vertices
  [1/16] Building H for GN05 00:06 (367 rays) …
  -> Building H Matrix (367 rays, parallel)...
  [2/16] Building H for GN05 00:08 (467 rays) …
  -> Building H Matrix (467 rays, parallel)...
  [3/16] Building H for GN05 00:08 (329 rays) …
  -> Building H Matrix (329 rays, parallel)...
  [4/16] Building H for GN05 00:08 (539 rays) …
  -> Building H Matrix (539 rays, parallel)...
  [5/16] Building H for GN05 00:08 (281 rays) …
  -> Building H Matrix (281 rays, parallel)...
  [6/16] Building H for GN05 00:08 (725 rays) …
  -> Building H Matrix (725 rays, parallel)...
  [7/16] Building H for GN05 00:08 (446 rays) …
  -> Building H Matrix (446 rays, parallel)...
  [8/16] Building H for GN05 00:08 (399 rays) …
  -> Building H Matrix (399 rays, parallel)...
  [9/16] Building H for GN05 00:08 (220 rays) …
  -> Building H Matrix (220 rays, parallel)...
  [10/16] Building H for GN05 00:09 (1512 rays) …
  -> Building H Matrix (1512 rays, parallel)...
  [11/16] Building H for GN05 00:09 (417 rays) …
  -> Building H Matrix (417 rays, parallel)...
  [12/16] Building H for GN05 00:09 (631 rays) …
  -> Building H Matrix (631 rays, parallel)...
  [13/16] Building H for GN05 00:09 (510 rays) …
  -> Building H Matrix (510 rays, parallel)...
  [14/16] Building H for GN05 00:10 (1143 rays) …
  -> Building H Matrix (1143 rays, parallel)...
  [15/16] Building H for GN05 00:10 (375 rays) …
  -> Building H Matrix (375 rays, parallel)...
  [16/16] Building H for GN05 00:15 (244 rays) …
  -> Building H Matrix (244 rays, parallel)...
  Combined H shape : (8605, 935)  (total rays = 8605)
  Running sequential KF assimilation …
  [step 1/16] Assimilating GN05 00:06 (367 rays) …
  [step 2/16] Assimilating GN05 00:08 (467 rays) …
  [step 3/16] Assimilating GN05 00:08 (329 rays) …
  [step 4/16] Assimilating GN05 00:08 (539 rays) …
  [step 5/16] Assimilating GN05 00:08 (281 rays) …
  [step 6/16] Assimilating GN05 00:08 (725 rays) …
  [step 7/16] Assimilating GN05 00:08 (446 rays) …
  [step 8/16] Assimilating GN05 00:08 (399 rays) …
  [step 9/16] Assimilating GN05 00:08 (220 rays) …
  [step 10/16] Assimilating GN05 00:09 (1512 rays) …
  [step 11/16] Assimilating GN05 00:09 (417 rays) …
  [step 12/16] Assimilating GN05 00:09 (631 rays) …
  [step 13/16] Assimilating GN05 00:09 (510 rays) …
  [step 14/16] Assimilating GN05 00:10 (1143 rays) …
  [step 15/16] Assimilating GN05 00:10 (375 rays) …
  [step 16/16] Assimilating GN05 00:15 (244 rays) …
  Prior RMSE : 79.400 TECU
  Post  RMSE : 58.773 TECU
  -> Running Lei-Abel inversion...
    [Abel] GN05 00:06: NmF2=8.06e+11 m⁻³  hmF2=168.9 km
  -> Running Lei-Abel inversion...
    [Abel] GN05 00:08: NmF2=9.94e+11 m⁻³  hmF2=274.9 km
  -> Running Lei-Abel inversion...
    [Abel] GN05 00:08: NmF2=5.10e+11 m⁻³  hmF2=158.1 km
  -> Running Lei-Abel inversion...
    [Abel] GN05 00:08: NmF2=2.67e+11 m⁻³  hmF2=150.7 km
  -> Running Lei-Abel inversion...
    [Abel] GN05 00:08: NmF2=7.69e+11 m⁻³  hmF2=353.7 km
  -> Running Lei-Abel inversion...
    [Abel] GN05 00:08: NmF2=1.19e+12 m⁻³  hmF2=218.8 km
  -> Running Lei-Abel inversion...
    [Abel] GN05 00:08: NmF2=2.60e+11 m⁻³  hmF2=391.9 km
  -> Running Lei-Abel inversion...
    [Abel] GN05 00:08: NmF2=3.39e+11 m⁻³  hmF2=382.1 km
  -> Running Lei-Abel inversion...
    [Abel] GN05 00:08: NmF2=9.92e+11 m⁻³  hmF2=489.0 km
  -> Running Lei-Abel inversion...
    [Abel] GN05 00:09: NmF2=1.99e+12 m⁻³  hmF2=245.7 km
  -> Running Lei-Abel inversion...
    [Abel] GN05 00:09: NmF2=3.14e+11 m⁻³  hmF2=192.1 km
  -> Running Lei-Abel inversion...
    [Abel] GN05 00:09: NmF2=6.65e+11 m⁻³  hmF2=336.4 km
  -> Running Lei-Abel inversion...
    [Abel] GN05 00:09: NmF2=9.74e+11 m⁻³  hmF2=309.2 km
  -> Running Lei-Abel inversion...
    [Abel] GN05 00:10: NmF2=2.32e+12 m⁻³  hmF2=367.3 km
  -> Running Lei-Abel inversion...
    [Abel] GN05 00:10: NmF2=3.07e+11 m⁻³  hmF2=362.5 km
  -> Running Lei-Abel inversion...
    [Abel] GN05 00:15: NmF2=2.24e+11 m⁻³  hmF2=402.0 km
/home/austinhunter/IonosphereTomography/demo_group.py:916: MatplotlibDeprecationWarning: The get_cmap function was deprecated in Matplotlib 3.7 and will be removed in 3.11. Use ``matplotlib.colormaps[name]`` or ``matplotlib.colormaps.get_cmap()`` or ``pyplot.get_cmap()`` instead.
  cmap      = cm.get_cmap(cmap_name)
/home/austinhunter/IonosphereTomography/demo_group.py:1161: UserWarning: This figure includes Axes that are not compatible with tight_layout, so results might be incorrect.
  plt.tight_layout()
  Saved group plot → ./Figures/GroupKF/group_2024-10-10_0000__LAT+030_LON-060.png
/home/austinhunter/IonosphereTomography/demo_group.py:716: MatplotlibDeprecationWarning: The get_cmap function was deprecated in Matplotlib 3.7 and will be removed in 3.11. Use ``matplotlib.colormaps[name]`` or ``matplotlib.colormaps.get_cmap()`` or ``pyplot.get_cmap()`` instead.
  step_cmap    = cm.get_cmap("viridis", max(n_occs, 2))
  Saved sequential plot → ./Figures/GroupKF/group_2024-10-10_0000__LAT+030_LON-060_sequential.png

[8/494]
────────────────────────────────────────────────────────────
  Group : 2024-10-10_0000__LAT+000_LON+120
  Window: 2024-10-10_0000  |  Region: LAT+000_LON+120  |  15 occultation(s)
────────────────────────────────────────────────────────────
Data Flipped: E30 is setting
Data Flipped: R9 is setting
Data Flipped: G17 is setting
Data Flipped: G12 is setting
Data Flipped: C29 is setting
Data Flipped: E27 is setting
Data Flipped: C24 is setting
Data Flipped: E29 is setting
R22 is rising
C43 is rising
E26 is rising
G18 is rising
E5 is rising
R14 is rising
G7 is rising
  Parsed 15/15 files successfully.
  Bounding box: lat [-33.6, 60.0]  lon [100.1, -156.4]  |  vertices: 336
  Final group: 15 occultation(s), 336 mesh vertices
  [1/15] Building H for GN04 00:08 (374 rays) …
  -> Building H Matrix (374 rays, parallel)...
  [2/15] Building H for GN04 00:10 (358 rays) …
  -> Building H Matrix (358 rays, parallel)...
  [3/15] Building H for GN04 00:12 (616 rays) …
  -> Building H Matrix (616 rays, parallel)...
  [4/15] Building H for GN04 00:13 (344 rays) …
  -> Building H Matrix (344 rays, parallel)...
  [5/15] Building H for GN04 00:13 (609 rays) …
  -> Building H Matrix (609 rays, parallel)...
  [6/15] Building H for GN04 00:13 (351 rays) …
  -> Building H Matrix (351 rays, parallel)...
  [7/15] Building H for GN04 00:14 (387 rays) …
  -> Building H Matrix (387 rays, parallel)...
  [8/15] Building H for GN04 00:15 (419 rays) …
  -> Building H Matrix (419 rays, parallel)...
  [9/15] Building H for GN05 00:20 (576 rays) …
  -> Building H Matrix (576 rays, parallel)...
  [10/15] Building H for GN05 00:21 (730 rays) …
  -> Building H Matrix (730 rays, parallel)...
  [11/15] Building H for GN05 00:22 (629 rays) …
  -> Building H Matrix (629 rays, parallel)...
  [12/15] Building H for GN05 00:23 (595 rays) …
  -> Building H Matrix (595 rays, parallel)...
  [13/15] Building H for GN05 00:25 (613 rays) …
  -> Building H Matrix (613 rays, parallel)...
  [14/15] Building H for GN05 00:25 (378 rays) …
  -> Building H Matrix (378 rays, parallel)...
  [15/15] Building H for GN05 00:26 (399 rays) …
  -> Building H Matrix (399 rays, parallel)...
  Combined H shape : (7378, 18480)  (total rays = 7378)
  Running sequential KF assimilation …
  [step 1/15] Assimilating GN04 00:08 (374 rays) …
  [step 2/15] Assimilating GN04 00:10 (358 rays) …
  [step 3/15] Assimilating GN04 00:12 (616 rays) …
  [step 4/15] Assimilating GN04 00:13 (344 rays) …
  [step 5/15] Assimilating GN04 00:13 (609 rays) …
  [step 6/15] Assimilating GN04 00:13 (351 rays) …
  [step 7/15] Assimilating GN04 00:14 (387 rays) …
  [step 8/15] Assimilating GN04 00:15 (419 rays) …
  [step 9/15] Assimilating GN05 00:20 (576 rays) …
  [step 10/15] Assimilating GN05 00:21 (730 rays) …
  [step 11/15] Assimilating GN05 00:22 (629 rays) …
  [step 12/15] Assimilating GN05 00:23 (595 rays) …
  [step 13/15] Assimilating GN05 00:25 (613 rays) …
  [step 14/15] Assimilating GN05 00:25 (378 rays) …
  [step 15/15] Assimilating GN05 00:26 (399 rays) …
  Prior RMSE : 337.097 TECU
  Post  RMSE : 119.734 TECU
  -> Running Lei-Abel inversion...
    [Abel] GN04 00:08: NmF2=2.43e+12 m⁻³  hmF2=316.5 km
  -> Running Lei-Abel inversion...
    [Abel] GN04 00:10: NmF2=2.16e+12 m⁻³  hmF2=374.5 km
  -> Running Lei-Abel inversion...
    [Abel] GN04 00:12: NmF2=2.60e+12 m⁻³  hmF2=430.9 km
  -> Running Lei-Abel inversion...
    [Abel] GN04 00:13: NmF2=2.09e+12 m⁻³  hmF2=363.5 km
  -> Running Lei-Abel inversion...
    [Abel] GN04 00:13: NmF2=2.65e+12 m⁻³  hmF2=415.2 km
  -> Running Lei-Abel inversion...
    [Abel] GN04 00:13: NmF2=2.11e+12 m⁻³  hmF2=357.6 km
  -> Running Lei-Abel inversion...
    [Abel] GN04 00:14: NmF2=2.32e+12 m⁻³  hmF2=366.8 km
  -> Running Lei-Abel inversion...
    [Abel] GN04 00:15: NmF2=2.37e+12 m⁻³  hmF2=351.9 km
  -> Running Lei-Abel inversion...
    [Abel] GN05 00:20: NmF2=2.52e+12 m⁻³  hmF2=374.4 km
  -> Running Lei-Abel inversion...
    [Abel] GN05 00:21: NmF2=2.46e+12 m⁻³  hmF2=392.1 km
  -> Running Lei-Abel inversion...
    [Abel] GN05 00:22: NmF2=2.24e+12 m⁻³  hmF2=402.1 km
  -> Running Lei-Abel inversion...
    [Abel] GN05 00:23: NmF2=2.20e+12 m⁻³  hmF2=369.4 km
  -> Running Lei-Abel inversion...
    [Abel] GN05 00:25: NmF2=2.96e+12 m⁻³  hmF2=333.7 km
  -> Running Lei-Abel inversion...
    [Abel] GN05 00:25: NmF2=2.49e+12 m⁻³  hmF2=350.2 km
  -> Running Lei-Abel inversion...
    [Abel] GN05 00:26: NmF2=2.53e+12 m⁻³  hmF2=377.0 km
/home/austinhunter/IonosphereTomography/demo_group.py:916: MatplotlibDeprecationWarning: The get_cmap function was deprecated in Matplotlib 3.7 and will be removed in 3.11. Use ``matplotlib.colormaps[name]`` or ``matplotlib.colormaps.get_cmap()`` or ``pyplot.get_cmap()`` instead.
  cmap      = cm.get_cmap(cmap_name)
/home/austinhunter/IonosphereTomography/demo_group.py:1161: UserWarning: This figure includes Axes that are not compatible with tight_layout, so results might be incorrect.
  plt.tight_layout()
  Saved group plot → ./Figures/GroupKF/group_2024-10-10_0000__LAT+000_LON+120.png
/home/austinhunter/IonosphereTomography/demo_group.py:716: MatplotlibDeprecationWarning: The get_cmap function was deprecated in Matplotlib 3.7 and will be removed in 3.11. Use ``matplotlib.colormaps[name]`` or ``matplotlib.colormaps.get_cmap()`` or ``pyplot.get_cmap()`` instead.
  step_cmap    = cm.get_cmap("viridis", max(n_occs, 2))
  Saved sequential plot → ./Figures/GroupKF/group_2024-10-10_0000__LAT+000_LON+120_sequential.png

[9/494]
────────────────────────────────────────────────────────────
  Group : 2024-10-10_0000__LAT-060_LON+060
  Window: 2024-10-10_0000  |  Region: LAT-060_LON+060  |  5 occultation(s)
────────────────────────────────────────────────────────────
C34 is rising
G15 is rising
C42 is rising
Data Flipped: R11 is setting
R7 is rising
  Parsed 5/5 files successfully.
  Bounding box: lat [-90.0, -3.4]  lon [18.6, 150.9]  |  vertices: 285
  Final group: 5 occultation(s), 285 mesh vertices
  [1/5] Building H for GN04 00:08 (679 rays) …
  -> Building H Matrix (679 rays, parallel)...
  [2/5] Building H for GN04 00:15 (464 rays) …
  -> Building H Matrix (464 rays, parallel)...
  [3/5] Building H for GN04 00:20 (947 rays) …
  -> Building H Matrix (947 rays, parallel)...
  [4/5] Building H for GN04 00:27 (458 rays) …
  -> Building H Matrix (458 rays, parallel)...
  [5/5] Building H for GN04 00:29 (946 rays) …
  -> Building H Matrix (946 rays, parallel)...
  Combined H shape : (3494, 15675)  (total rays = 3494)
  Running sequential KF assimilation …
  [step 1/5] Assimilating GN04 00:08 (679 rays) …
  [step 2/5] Assimilating GN04 00:15 (464 rays) …
  [step 3/5] Assimilating GN04 00:20 (947 rays) …
  [step 4/5] Assimilating GN04 00:27 (458 rays) …
  [step 5/5] Assimilating GN04 00:29 (946 rays) …
  Prior RMSE : 74.611 TECU
  Post  RMSE : 31.509 TECU
  -> Running Lei-Abel inversion...
    [Abel] GN04 00:08: NmF2=4.31e+11 m⁻³  hmF2=316.4 km
  -> Running Lei-Abel inversion...
    [Abel] GN04 00:15: NmF2=4.81e+11 m⁻³  hmF2=300.7 km
  -> Running Lei-Abel inversion...
    [Abel] GN04 00:20: NmF2=4.15e+11 m⁻³  hmF2=306.5 km
  -> Running Lei-Abel inversion...
    [Abel] GN04 00:27: NmF2=4.66e+11 m⁻³  hmF2=285.5 km
  -> Running Lei-Abel inversion...
    [Abel] GN04 00:29: NmF2=4.25e+11 m⁻³  hmF2=421.3 km
/home/austinhunter/IonosphereTomography/demo_group.py:916: MatplotlibDeprecationWarning: The get_cmap function was deprecated in Matplotlib 3.7 and will be removed in 3.11. Use ``matplotlib.colormaps[name]`` or ``matplotlib.colormaps.get_cmap()`` or ``pyplot.get_cmap()`` instead.
  cmap      = cm.get_cmap(cmap_name)
/home/austinhunter/IonosphereTomography/demo_group.py:1161: UserWarning: This figure includes Axes that are not compatible with tight_layout, so results might be incorrect.
  plt.tight_layout()
  Saved group plot → ./Figures/GroupKF/group_2024-10-10_0000__LAT-060_LON+060.png
/home/austinhunter/IonosphereTomography/demo_group.py:716: MatplotlibDeprecationWarning: The get_cmap function was deprecated in Matplotlib 3.7 and will be removed in 3.11. Use ``matplotlib.colormaps[name]`` or ``matplotlib.colormaps.get_cmap()`` or ``pyplot.get_cmap()`` instead.
  step_cmap    = cm.get_cmap("viridis", max(n_occs, 2))
  Saved sequential plot → ./Figures/GroupKF/group_2024-10-10_0000__LAT-060_LON+060_sequential.png

[10/494]
────────────────────────────────────────────────────────────
  Group : 2024-10-10_0000__POLAR_S
  Window: 2024-10-10_0000  |  Region: POLAR_S  |  12 occultation(s)
────────────────────────────────────────────────────────────
G29 is rising
E15 is rising
G11 is rising
R20 is rising
C45 is rising
E7 is rising
C44 is rising
G14 is rising
C39 is rising
R16 is rising
E2 is rising
G24 is rising
  Parsed 12/12 files successfully.
  Bounding box: lat [-90.0, -65.0]  lon [-180.0, 180.0]  |  vertices: 77
  Final group: 12 occultation(s), 77 mesh vertices
  [1/12] Building H for GN04 00:16 (962 rays) …
  -> Building H Matrix (962 rays, parallel)...
  [2/12] Building H for GN04 00:16 (442 rays) …
  -> Building H Matrix (442 rays, parallel)...
  [3/12] Building H for GN04 00:18 (463 rays) …
  -> Building H Matrix (463 rays, parallel)...
  [4/12] Building H for GN04 00:19 (460 rays) …
  -> Building H Matrix (460 rays, parallel)...
  [5/12] Building H for GN04 00:20 (436 rays) …
  -> Building H Matrix (436 rays, parallel)...
  [6/12] Building H for GN04 00:21 (480 rays) …
  -> Building H Matrix (480 rays, parallel)...
  [7/12] Building H for GN04 00:22 (447 rays) …
  -> Building H Matrix (447 rays, parallel)...
  [8/12] Building H for GN04 00:23 (573 rays) …
  -> Building H Matrix (573 rays, parallel)...
  [9/12] Building H for GN04 00:24 (376 rays) …
  -> Building H Matrix (376 rays, parallel)...
  [10/12] Building H for GN04 00:24 (460 rays) …
  -> Building H Matrix (460 rays, parallel)...
  [11/12] Building H for GN04 00:28 (748 rays) …
  -> Building H Matrix (748 rays, parallel)...
  [12/12] Building H for GN04 00:29 (366 rays) …
  -> Building H Matrix (366 rays, parallel)...
  Combined H shape : (6213, 4235)  (total rays = 6213)
  Running sequential KF assimilation …
  [step 1/12] Assimilating GN04 00:16 (962 rays) …
  [step 2/12] Assimilating GN04 00:16 (442 rays) …
  [step 3/12] Assimilating GN04 00:18 (463 rays) …
  [step 4/12] Assimilating GN04 00:19 (460 rays) …
  [step 5/12] Assimilating GN04 00:20 (436 rays) …
  [step 6/12] Assimilating GN04 00:21 (480 rays) …
  [step 7/12] Assimilating GN04 00:22 (447 rays) …
  [step 8/12] Assimilating GN04 00:23 (573 rays) …
  [step 9/12] Assimilating GN04 00:24 (376 rays) …
  [step 10/12] Assimilating GN04 00:24 (460 rays) …
  [step 11/12] Assimilating GN04 00:28 (748 rays) …
  [step 12/12] Assimilating GN04 00:29 (366 rays) …
  Prior RMSE : 41.737 TECU
  Post  RMSE : 39.626 TECU
  -> Running Lei-Abel inversion...
    [Abel] GN04 00:16: NmF2=4.65e+11 m⁻³  hmF2=254.1 km
  -> Running Lei-Abel inversion...
    [Abel] GN04 00:16: NmF2=4.97e+11 m⁻³  hmF2=312.9 km
  -> Running Lei-Abel inversion...
    [Abel] GN04 00:18: NmF2=4.88e+11 m⁻³  hmF2=393.1 km
  -> Running Lei-Abel inversion...
    [Abel] GN04 00:19: NmF2=3.47e+11 m⁻³  hmF2=339.3 km
  -> Running Lei-Abel inversion...
    [Abel] GN04 00:20: NmF2=8.28e+11 m⁻³  hmF2=383.1 km
  -> Running Lei-Abel inversion...
    [Abel] GN04 00:21: NmF2=3.31e+11 m⁻³  hmF2=321.8 km
  -> Running Lei-Abel inversion...
    [Abel] GN04 00:22: NmF2=3.03e+11 m⁻³  hmF2=371.7 km
  -> Running Lei-Abel inversion...
    [Abel] GN04 00:23: NmF2=8.78e+11 m⁻³  hmF2=294.2 km
  -> Running Lei-Abel inversion...
    [Abel] GN04 00:24: NmF2=3.19e+11 m⁻³  hmF2=380.8 km
  -> Running Lei-Abel inversion...
    [Abel] GN04 00:24: NmF2=6.51e+11 m⁻³  hmF2=367.8 km
  -> Running Lei-Abel inversion...
    [Abel] GN04 00:28: NmF2=8.35e+11 m⁻³  hmF2=309.3 km
  -> Running Lei-Abel inversion...
    [Abel] GN04 00:29: NmF2=2.11e+11 m⁻³  hmF2=443.2 km
/home/austinhunter/IonosphereTomography/demo_group.py:916: MatplotlibDeprecationWarning: The get_cmap function was deprecated in Matplotlib 3.7 and will be removed in 3.11. Use ``matplotlib.colormaps[name]`` or ``matplotlib.colormaps.get_cmap()`` or ``pyplot.get_cmap()`` instead.
  cmap      = cm.get_cmap(cmap_name)
/home/austinhunter/IonosphereTomography/demo_group.py:1161: UserWarning: This figure includes Axes that are not compatible with tight_layout, so results might be incorrect.
  plt.tight_layout()
  Saved group plot → ./Figures/GroupKF/group_2024-10-10_0000__POLAR_S.png
/home/austinhunter/IonosphereTomography/demo_group.py:716: MatplotlibDeprecationWarning: The get_cmap function was deprecated in Matplotlib 3.7 and will be removed in 3.11. Use ``matplotlib.colormaps[name]`` or ``matplotlib.colormaps.get_cmap()`` or ``pyplot.get_cmap()`` instead.
  step_cmap    = cm.get_cmap("viridis", max(n_occs, 2))
  Saved sequential plot → ./Figures/GroupKF/group_2024-10-10_0000__POLAR_S_sequential.png

[11/494]
────────────────────────────────────────────────────────────
  Group : 2024-10-10_0000__LAT+030_LON-180
  Window: 2024-10-10_0000  |  Region: LAT+030_LON-180  |  2 occultation(s)
────────────────────────────────────────────────────────────
Data Flipped: E2 is setting
Data Flipped: R16 is setting
  Parsed 2/2 files successfully.
  Bounding box: lat [23.9, 90.0]  lon [151.4, -117.8]  |  vertices: 124
  Final group: 2 occultation(s), 124 mesh vertices
  [1/2] Building H for GN05 00:27 (530 rays) …
  -> Building H Matrix (530 rays, parallel)...
  [2/2] Building H for GN05 00:27 (404 rays) …
  -> Building H Matrix (404 rays, parallel)...
  Combined H shape : (934, 6820)  (total rays = 934)
  Running sequential KF assimilation …
  [step 1/2] Assimilating GN05 00:27 (530 rays) …
  [step 2/2] Assimilating GN05 00:27 (404 rays) …
  Prior RMSE : 256.264 TECU
  Post  RMSE : 41.473 TECU
  -> Running Lei-Abel inversion...
    [Abel] GN05 00:27: NmF2=7.25e+11 m⁻³  hmF2=272.1 km
  -> Running Lei-Abel inversion...
    [Abel] GN05 00:27: NmF2=9.07e+11 m⁻³  hmF2=262.9 km
/home/austinhunter/IonosphereTomography/demo_group.py:916: MatplotlibDeprecationWarning: The get_cmap function was deprecated in Matplotlib 3.7 and will be removed in 3.11. Use ``matplotlib.colormaps[name]`` or ``matplotlib.colormaps.get_cmap()`` or ``pyplot.get_cmap()`` instead.
  cmap      = cm.get_cmap(cmap_name)
/home/austinhunter/IonosphereTomography/demo_group.py:1161: UserWarning: This figure includes Axes that are not compatible with tight_layout, so results might be incorrect.
  plt.tight_layout()
  Saved group plot → ./Figures/GroupKF/group_2024-10-10_0000__LAT+030_LON-180.png
/home/austinhunter/IonosphereTomography/demo_group.py:716: MatplotlibDeprecationWarning: The get_cmap function was deprecated in Matplotlib 3.7 and will be removed in 3.11. Use ``matplotlib.colormaps[name]`` or ``matplotlib.colormaps.get_cmap()`` or ``pyplot.get_cmap()`` instead.
  step_cmap    = cm.get_cmap("viridis", max(n_occs, 2))
  Saved sequential plot → ./Figures/GroupKF/group_2024-10-10_0000__LAT+030_LON-180_sequential.png

[12/494]
────────────────────────────────────────────────────────────
  Group : 2024-10-10_0000__LAT-060_LON-060
  Window: 2024-10-10_0000  |  Region: LAT-060_LON-060  |  2 occultation(s)
────────────────────────────────────────────────────────────
E34 is rising
G6 is rising
  Parsed 2/2 files successfully.
  Bounding box: lat [-72.7, -14.6]  lon [-106.4, -19.2]  |  vertices: 142
  Final group: 2 occultation(s), 142 mesh vertices
  [1/2] Building H for GN04 00:28 (575 rays) …
  -> Building H Matrix (575 rays, parallel)...
  [2/2] Building H for GN04 00:29 (590 rays) …
  -> Building H Matrix (590 rays, parallel)...
  Combined H shape : (1165, 7810)  (total rays = 1165)
  Running sequential KF assimilation …
  [step 1/2] Assimilating GN04 00:28 (575 rays) …
  [step 2/2] Assimilating GN04 00:29 (590 rays) …
  Prior RMSE : 60.536 TECU
  Post  RMSE : 5.689 TECU
  -> Running Lei-Abel inversion...
    [Abel] GN04 00:28: NmF2=6.93e+11 m⁻³  hmF2=314.3 km
  -> Running Lei-Abel inversion...
    [Abel] GN04 00:29: NmF2=6.99e+11 m⁻³  hmF2=320.7 km
/home/austinhunter/IonosphereTomography/demo_group.py:916: MatplotlibDeprecationWarning: The get_cmap function was deprecated in Matplotlib 3.7 and will be removed in 3.11. Use ``matplotlib.colormaps[name]`` or ``matplotlib.colormaps.get_cmap()`` or ``pyplot.get_cmap()`` instead.
  cmap      = cm.get_cmap(cmap_name)
/home/austinhunter/IonosphereTomography/demo_group.py:1161: UserWarning: This figure includes Axes that are not compatible with tight_layout, so results might be incorrect.
  plt.tight_layout()
  Saved group plot → ./Figures/GroupKF/group_2024-10-10_0000__LAT-060_LON-060.png
/home/austinhunter/IonosphereTomography/demo_group.py:716: MatplotlibDeprecationWarning: The get_cmap function was deprecated in Matplotlib 3.7 and will be removed in 3.11. Use ``matplotlib.colormaps[name]`` or ``matplotlib.colormaps.get_cmap()`` or ``pyplot.get_cmap()`` instead.
  step_cmap    = cm.get_cmap("viridis", max(n_occs, 2))
  Saved sequential plot → ./Figures/GroupKF/group_2024-10-10_0000__LAT-060_LON-060_sequential.png

[13/494]
────────────────────────────────────────────────────────────
  Group : 2024-10-10_0030__LAT-060_LON+060
  Window: 2024-10-10_0030  |  Region: LAT-060_LON+060  |  4 occultation(s)
────────────────────────────────────────────────────────────
Data Flipped: G28 is setting
R21 is rising
E7 is rising
R7 is rising
  Parsed 4/4 files successfully.
  Bounding box: lat [-90.0, 9.7]  lon [61.3, 154.1]  |  vertices: 248
  Final group: 4 occultation(s), 248 mesh vertices
  [1/4] Building H for GN04 00:30 (370 rays) …
  -> Building H Matrix (370 rays, parallel)...
  [2/4] Building H for GN05 00:38 (615 rays) …
  -> Building H Matrix (615 rays, parallel)...
  [3/4] Building H for GN05 00:48 (527 rays) …
  -> Building H Matrix (527 rays, parallel)...
  [4/4] Building H for GN05 00:50 (1011 rays) …
  -> Building H Matrix (1011 rays, parallel)...
  Combined H shape : (2523, 13640)  (total rays = 2523)
  Running sequential KF assimilation …
  [step 1/4] Assimilating GN04 00:30 (370 rays) …
  [step 2/4] Assimilating GN05 00:38 (615 rays) …
  [step 3/4] Assimilating GN05 00:48 (527 rays) …
  [step 4/4] Assimilating GN05 00:50 (1011 rays) …
  Prior RMSE : 115.924 TECU
  Post  RMSE : 82.532 TECU
  -> Running Lei-Abel inversion...
    [Abel] GN04 00:30: NmF2=3.86e+11 m⁻³  hmF2=309.8 km
  -> Running Lei-Abel inversion...
    [Abel] GN05 00:38: NmF2=5.18e+11 m⁻³  hmF2=326.3 km
  -> Running Lei-Abel inversion...
    [Abel] GN05 00:48: NmF2=5.11e+11 m⁻³  hmF2=374.7 km
  -> Running Lei-Abel inversion...
    [Abel] GN05 00:50: NmF2=9.59e+11 m⁻³  hmF2=546.4 km
/home/austinhunter/IonosphereTomography/demo_group.py:916: MatplotlibDeprecationWarning: The get_cmap function was deprecated in Matplotlib 3.7 and will be removed in 3.11. Use ``matplotlib.colormaps[name]`` or ``matplotlib.colormaps.get_cmap()`` or ``pyplot.get_cmap()`` instead.
  cmap      = cm.get_cmap(cmap_name)
/home/austinhunter/IonosphereTomography/demo_group.py:1161: UserWarning: This figure includes Axes that are not compatible with tight_layout, so results might be incorrect.
  plt.tight_layout()
  Saved group plot → ./Figures/GroupKF/group_2024-10-10_0030__LAT-060_LON+060.png
/home/austinhunter/IonosphereTomography/demo_group.py:716: MatplotlibDeprecationWarning: The get_cmap function was deprecated in Matplotlib 3.7 and will be removed in 3.11. Use ``matplotlib.colormaps[name]`` or ``matplotlib.colormaps.get_cmap()`` or ``pyplot.get_cmap()`` instead.
  step_cmap    = cm.get_cmap("viridis", max(n_occs, 2))
  Saved sequential plot → ./Figures/GroupKF/group_2024-10-10_0030__LAT-060_LON+060_sequential.png

[14/494]
────────────────────────────────────────────────────────────
  Group : 2024-10-10_0030__LAT-060_LON+120
  Window: 2024-10-10_0030  |  Region: LAT-060_LON+120  |  16 occultation(s)
────────────────────────────────────────────────────────────
Data Flipped: E11 is setting
G5 is rising
E13 is rising
G15 is rising
G14 is rising
C45 is rising
Data Flipped: C20 is setting
Data Flipped: G3 is setting
Data Flipped: C25 is setting
Data Flipped: R1 is setting
Data Flipped: R11 is setting
Data Flipped: R2 is setting
Data Flipped: R3 is setting
Data Flipped: G28 is setting
Data Flipped: C41 is setting
Data Flipped: E4 is setting
  Parsed 16/16 files successfully.
  Bounding box: lat [-89.9, 3.0]  lon [82.2, -153.8]  |  vertices: 299
  Final group: 16 occultation(s), 299 mesh vertices
  [1/16] Building H for GN04 00:30 (472 rays) …
  -> Building H Matrix (472 rays, parallel)...
  [2/16] Building H for GN05 00:35 (433 rays) …
  -> Building H Matrix (433 rays, parallel)...
  [3/16] Building H for GN05 00:38 (494 rays) …
  -> Building H Matrix (494 rays, parallel)...
  [4/16] Building H for GN05 00:41 (472 rays) …
  -> Building H Matrix (472 rays, parallel)...
  [5/16] Building H for GN05 00:46 (647 rays) …
  -> Building H Matrix (647 rays, parallel)...
  [6/16] Building H for GN05 00:46 (422 rays) …
  -> Building H Matrix (422 rays, parallel)...
  [7/16] Building H for GN05 00:52 (918 rays) …
  -> Building H Matrix (918 rays, parallel)...
  [8/16] Building H for GN05 00:53 (527 rays) …
  -> Building H Matrix (527 rays, parallel)...
  [9/16] Building H for GN05 00:53 (425 rays) …
  -> Building H Matrix (425 rays, parallel)...
  [10/16] Building H for GN05 00:54 (423 rays) …
  -> Building H Matrix (423 rays, parallel)...
  [11/16] Building H for GN05 00:54 (419 rays) …
  -> Building H Matrix (419 rays, parallel)...
  [12/16] Building H for GN05 00:55 (436 rays) …
  -> Building H Matrix (436 rays, parallel)...
  [13/16] Building H for GN05 00:55 (910 rays) …
  -> Building H Matrix (910 rays, parallel)...
  [14/16] Building H for GN05 00:57 (382 rays) …
  -> Building H Matrix (382 rays, parallel)...
  [15/16] Building H for GN05 00:58 (369 rays) …
  -> Building H Matrix (369 rays, parallel)...
  [16/16] Building H for GN05 00:58 (394 rays) …
  -> Building H Matrix (394 rays, parallel)...
  Combined H shape : (8143, 16445)  (total rays = 8143)
  Running sequential KF assimilation …
  [step 1/16] Assimilating GN04 00:30 (472 rays) …
  [step 2/16] Assimilating GN05 00:35 (433 rays) …
  [step 3/16] Assimilating GN05 00:38 (494 rays) …
  [step 4/16] Assimilating GN05 00:41 (472 rays) …
  [step 5/16] Assimilating GN05 00:46 (647 rays) …
  [step 6/16] Assimilating GN05 00:46 (422 rays) …
  [step 7/16] Assimilating GN05 00:52 (918 rays) …
  [step 8/16] Assimilating GN05 00:53 (527 rays) …
  [step 9/16] Assimilating GN05 00:53 (425 rays) …
  [step 10/16] Assimilating GN05 00:54 (423 rays) …
  [step 11/16] Assimilating GN05 00:54 (419 rays) …
  [step 12/16] Assimilating GN05 00:55 (436 rays) …
  [step 13/16] Assimilating GN05 00:55 (910 rays) …
  [step 14/16] Assimilating GN05 00:57 (382 rays) …
  [step 15/16] Assimilating GN05 00:58 (369 rays) …
  [step 16/16] Assimilating GN05 00:58 (394 rays) …
  Prior RMSE : 135.433 TECU
  Post  RMSE : 179.898 TECU
  -> Running Lei-Abel inversion...
    [Abel] GN04 00:30: NmF2=7.12e+11 m⁻³  hmF2=309.7 km
  -> Running Lei-Abel inversion...
    [Abel] GN05 00:35: NmF2=1.37e+12 m⁻³  hmF2=307.5 km
  -> Running Lei-Abel inversion...
    [Abel] GN05 00:38: NmF2=5.09e+11 m⁻³  hmF2=311.5 km
  -> Running Lei-Abel inversion...
    [Abel] GN05 00:41: NmF2=9.03e+11 m⁻³  hmF2=288.7 km
  -> Running Lei-Abel inversion...
    [Abel] GN05 00:46: NmF2=6.50e+11 m⁻³  hmF2=290.2 km
  -> Running Lei-Abel inversion...
    [Abel] GN05 00:46: NmF2=5.75e+11 m⁻³  hmF2=298.0 km
  -> Running Lei-Abel inversion...
    [Abel] GN05 00:52: NmF2=2.27e+12 m⁻³  hmF2=271.2 km
  -> Running Lei-Abel inversion...
    [Abel] GN05 00:53: NmF2=1.14e+12 m⁻³  hmF2=262.4 km
  -> Running Lei-Abel inversion...
    [Abel] GN05 00:53: NmF2=1.23e+12 m⁻³  hmF2=282.5 km
  -> Running Lei-Abel inversion...
    [Abel] GN05 00:54: NmF2=1.04e+12 m⁻³  hmF2=284.3 km
  -> Running Lei-Abel inversion...
    [Abel] GN05 00:54: NmF2=9.03e+11 m⁻³  hmF2=281.2 km
  -> Running Lei-Abel inversion...
    [Abel] GN05 00:55: NmF2=7.70e+11 m⁻³  hmF2=276.8 km
  -> Running Lei-Abel inversion...
    [Abel] GN05 00:55: NmF2=1.07e+12 m⁻³  hmF2=211.2 km
  -> Running Lei-Abel inversion...
    [Abel] GN05 00:57: NmF2=5.76e+11 m⁻³  hmF2=295.1 km
  -> Running Lei-Abel inversion...
    [Abel] GN05 00:58: NmF2=6.04e+11 m⁻³  hmF2=287.3 km
  -> Running Lei-Abel inversion...
    [Abel] GN05 00:58: NmF2=5.54e+11 m⁻³  hmF2=311.2 km
/home/austinhunter/IonosphereTomography/demo_group.py:916: MatplotlibDeprecationWarning: The get_cmap function was deprecated in Matplotlib 3.7 and will be removed in 3.11. Use ``matplotlib.colormaps[name]`` or ``matplotlib.colormaps.get_cmap()`` or ``pyplot.get_cmap()`` instead.
  cmap      = cm.get_cmap(cmap_name)
/home/austinhunter/IonosphereTomography/demo_group.py:1161: UserWarning: This figure includes Axes that are not compatible with tight_layout, so results might be incorrect.
  plt.tight_layout()
  Saved group plot → ./Figures/GroupKF/group_2024-10-10_0030__LAT-060_LON+120.png
/home/austinhunter/IonosphereTomography/demo_group.py:716: MatplotlibDeprecationWarning: The get_cmap function was deprecated in Matplotlib 3.7 and will be removed in 3.11. Use ``matplotlib.colormaps[name]`` or ``matplotlib.colormaps.get_cmap()`` or ``pyplot.get_cmap()`` instead.
  step_cmap    = cm.get_cmap("viridis", max(n_occs, 2))
  Saved sequential plot → ./Figures/GroupKF/group_2024-10-10_0030__LAT-060_LON+120_sequential.png

[15/494]
────────────────────────────────────────────────────────────
  Group : 2024-10-10_0030__LAT-030_LON+120
  Window: 2024-10-10_0030  |  Region: LAT-030_LON+120  |  21 occultation(s)
────────────────────────────────────────────────────────────
R5 is rising
R4 is rising
E3 is rising
G30 is rising
C38 is rising
C22 is rising
C21 is rising
C36 is rising
E25 is rising
E8 is rising
R15 is rising
C19 is rising
C42 is rising
Data Flipped: C29 is setting
Data Flipped: E36 is setting
Data Flipped: R18 is setting
Data Flipped: R8 is setting
Data Flipped: E21 is setting
Data Flipped: G32 is setting
Data Flipped: E19 is setting
Data Flipped: C33 is setting
  Parsed 21/21 files successfully.
  Bounding box: lat [-90.0, 33.6]  lon [43.4, -142.0]  |  vertices: 622
  [trim] n_geo=622 > MAX_MESH_VERTICES=400 — dropping GN05 00:39 (87.3° from centroid)
  Bounding box: lat [-90.0, 33.6]  lon [43.4, -160.5]  |  vertices: 556
  [trim] n_geo=556 > MAX_MESH_VERTICES=400 — dropping GN05 00:36 (86.8° from centroid)
  Bounding box: lat [-90.0, 33.6]  lon [43.4, -160.5]  |  vertices: 556
  [trim] n_geo=556 > MAX_MESH_VERTICES=400 — dropping GN05 00:44 (90.5° from centroid)
  Bounding box: lat [-90.0, 32.8]  lon [43.4, -160.5]  |  vertices: 552
  [trim] n_geo=552 > MAX_MESH_VERTICES=400 — dropping GN05 00:31 (93.5° from centroid)
  Bounding box: lat [-90.0, 25.4]  lon [43.4, 180.0]  |  vertices: 447
  [trim] n_geo=447 > MAX_MESH_VERTICES=400 — dropping GN05 00:54 (41.1° from centroid)
  Bounding box: lat [-90.0, 25.4]  lon [44.2, 180.0]  |  vertices: 444
  [trim] n_geo=444 > MAX_MESH_VERTICES=400 — dropping GN05 00:48 (38.8° from centroid)
  Bounding box: lat [-65.1, 25.4]  lon [88.6, 180.0]  |  vertices: 281
  Final group: 15 occultation(s), 281 mesh vertices
  [1/15] Building H for GN05 00:31 (431 rays) …
  -> Building H Matrix (431 rays, parallel)...
