/home/austinhunter/IonosphereTomography
=================================================================
  demo_group.py — Grouped Occultation KF Processing
=================================================================
  Scanning 3547 files for metadata …
  Found 3547 valid files across 833 geographic groups (48 30-min windows).

Batch date     : 2024-10-10
Time bins      : 30-minute windows
Lat bin size   : 20.0°  |  Lon bin size: 50.0°
Polar cap lat  : ±65.0°

Building global EDP cache for 2024-10-10 …
 -> IRI center inputs for 2024-10-10: F10.7=215.6, Ap=97, IG12=129.0, Rz12=160.9
 -> Building 24 hourly global grids with 12 workers ...
EDPS: (54, 1650, 50), N_geo: 1650
EDPS: (54, 1650, 50), N_geo: 1650
    [Hour 07] done (1/24)
EDPS: (54, 1650, 50), N_geo: 1650
EDPS: (54, 1650, 50), N_geo: 1650
EDPS: (54, 1650, 50), N_geo: 1650
EDPS: (54, 1650, 50), N_geo: 1650
EDPS: (54, 1650, 50), N_geo: 1650
    [Hour 00] done (2/24)
    [Hour 05] done (3/24)
    [Hour 06] done (4/24)
    [Hour 09] done (5/24)
    [Hour 03] done (6/24)
    [Hour 04] done (7/24)
EDPS: (54, 1650, 50), N_geo: 1650
EDPS: (54, 1650, 50), N_geo: 1650
EDPS: (54, 1650, 50), N_geo: 1650
EDPS: (54, 1650, 50), N_geo: 1650
EDPS: (54, 1650, 50), N_geo: 1650
    [Hour 10] done (8/24)
    [Hour 08] done (9/24)
    [Hour 01] done (10/24)
    [Hour 02] done (11/24)
    [Hour 11] done (12/24)
EDPS: (54, 1650, 50), N_geo: 1650
    [Hour 12] done (13/24)
EDPS: (54, 1650, 50), N_geo: 1650
    [Hour 13] done (14/24)
EDPS: (54, 1650, 50), N_geo: 1650
EDPS: (54, 1650, 50), N_geo: 1650
    [Hour 14] done (15/24)
EDPS: (54, 1650, 50), N_geo: 1650
    [Hour 15] done (16/24)
    [Hour 16] done (17/24)
EDPS: (54, 1650, 50), N_geo: 1650
EDPS: (54, 1650, 50), N_geo: 1650
    [Hour 18] done (18/24)
    [Hour 17] done (19/24)
EDPS: (54, 1650, 50), N_geo: 1650
    [Hour 19] done (20/24)
EDPS: (54, 1650, 50), N_geo: 1650
EDPS: (54, 1650, 50), N_geo: 1650
    [Hour 20] done (21/24)
    [Hour 21] done (22/24)
EDPS: (54, 1650, 50), N_geo: 1650
EDPS: (54, 1650, 50), N_geo: 1650
    [Hour 22] done (23/24)
    [Hour 23] done (24/24)
EDPS: (54, 1650, 50), N_geo: 1650
EDPS: (54, 1650, 50), N_geo: 1650
EDPS: (54, 1650, 50), N_geo: 1650
EDPS: (54, 1650, 50), N_geo: 1650
EDPS: (54, 1650, 50), N_geo: 1650
EDPS: (54, 1650, 50), N_geo: 1650
EDPS: (54, 1650, 50), N_geo: 1650
EDPS: (54, 1650, 50), N_geo: 1650
EDPS: (54, 1650, 50), N_geo: 1650
EDPS: (54, 1650, 50), N_geo: 1650
EDPS: (54, 1650, 50), N_geo: 1650
EDPS: (54, 1650, 50), N_geo: 1650
EDPS: (54, 1650, 50), N_geo: 1650
EDPS: (54, 1650, 50), N_geo: 1650
EDPS: (54, 1650, 50), N_geo: 1650
EDPS: (54, 1650, 50), N_geo: 1650
EDPS: (54, 1650, 50), N_geo: 1650
EDPS: (54, 1650, 50), N_geo: 1650
EDPS: (54, 1650, 50), N_geo: 1650
EDPS: (54, 1650, 50), N_geo: 1650
EDPS: (54, 1650, 50), N_geo: 1650
EDPS: (54, 1650, 50), N_geo: 1650
EDPS: (54, 1650, 50), N_geo: 1650
EDPS: (54, 1650, 50), N_geo: 1650
 -> All 24 hourly global EDP grids loaded.
Global EDP cache ready.

Processing 833 groups …

[1/833]
────────────────────────────────────────────────────────────
  Group : 2024-10-10_0000__LAT+040_LON-100
  Window: 2024-10-10_0000  |  Region: LAT+040_LON-100  |  2 occultation(s)
────────────────────────────────────────────────────────────
E6 is rising
Data Flipped: C36 is setting
  Parsed 2/2 files successfully.
  Bounding box: lat [19.9, 90.0]  lon [-91.5, -19.3]  |  vertices: 109
  Final group: 2 occultation(s), 109 mesh vertices
  [1/2] Building H for GN05 00:00 (515 rays) …
  -> Building H Matrix (515 rays, parallel)...
  [2/2] Building H for GN05 00:15 (244 rays) …
  -> Building H Matrix (244 rays, parallel)...
  Combined H shape : (759, 5995)  (total rays = 759)
  Running sequential KF assimilation …
  [step 1/2] Assimilating GN05 00:00 (515 rays) …
  [step 2/2] Assimilating GN05 00:15 (244 rays) …
  Prior RMSE : 134.594 TECU
  Post  RMSE : 21.846 TECU
  -> Running Lei-Abel inversion...
    [Abel] GN05 00:00: NmF2=4.01e+11 m⁻³  hmF2=364.6 km
  -> Running Lei-Abel inversion...
    [Abel] GN05 00:15: NmF2=2.24e+11 m⁻³  hmF2=402.0 km
/home/austinhunter/IonosphereTomography/demo_group.py:894: MatplotlibDeprecationWarning: The get_cmap function was deprecated in Matplotlib 3.7 and will be removed in 3.11. Use ``matplotlib.colormaps[name]`` or ``matplotlib.colormaps.get_cmap()`` or ``pyplot.get_cmap()`` instead.
  cmap      = cm.get_cmap(cmap_name)
/home/austinhunter/IonosphereTomography/demo_group.py:1139: UserWarning: This figure includes Axes that are not compatible with tight_layout, so results might be incorrect.
  plt.tight_layout()
  Saved group plot → ./Figures/GroupKF/group_2024-10-10_0000__LAT+040_LON-100.png
/home/austinhunter/IonosphereTomography/demo_group.py:694: MatplotlibDeprecationWarning: The get_cmap function was deprecated in Matplotlib 3.7 and will be removed in 3.11. Use ``matplotlib.colormaps[name]`` or ``matplotlib.colormaps.get_cmap()`` or ``pyplot.get_cmap()`` instead.
  step_cmap    = cm.get_cmap("viridis", max(n_occs, 2))
  Saved sequential plot → ./Figures/GroupKF/group_2024-10-10_0000__LAT+040_LON-100_sequential.png

[2/833]
────────────────────────────────────────────────────────────
  Group : 2024-10-10_0000__LAT+000_LON-050
  Window: 2024-10-10_0000  |  Region: LAT+000_LON-050  |  3 occultation(s)
────────────────────────────────────────────────────────────
Data Flipped: E24 is setting
Data Flipped: G9 is setting
Data Flipped: E5 is setting
  Parsed 3/3 files successfully.
  Bounding box: lat [-19.4, 32.7]  lon [-55.3, -7.0]  |  vertices: 97
  Final group: 3 occultation(s), 97 mesh vertices
  [1/3] Building H for GN05 00:00 (214 rays) …
  -> Building H Matrix (214 rays, parallel)...
  [2/3] Building H for GN05 00:03 (286 rays) …
  -> Building H Matrix (286 rays, parallel)...
  [3/3] Building H for GN05 00:05 (153 rays) …
  -> Building H Matrix (153 rays, parallel)...
  Combined H shape : (653, 5335)  (total rays = 653)
  Running sequential KF assimilation …
  [step 1/3] Assimilating GN05 00:00 (214 rays) …
  [step 2/3] Assimilating GN05 00:03 (286 rays) …
  [step 3/3] Assimilating GN05 00:05 (153 rays) …
  Prior RMSE : 189.506 TECU
  Post  RMSE : 77.966 TECU
  -> Running Lei-Abel inversion...
    [Abel] GN05 00:00: NmF2=9.19e+11 m⁻³  hmF2=476.2 km
  -> Running Lei-Abel inversion...
    [Abel] GN05 00:03: NmF2=1.98e+12 m⁻³  hmF2=533.7 km
  -> Running Lei-Abel inversion...
    [Abel] GN05 00:05: NmF2=1.42e+12 m⁻³  hmF2=551.5 km
/home/austinhunter/IonosphereTomography/demo_group.py:894: MatplotlibDeprecationWarning: The get_cmap function was deprecated in Matplotlib 3.7 and will be removed in 3.11. Use ``matplotlib.colormaps[name]`` or ``matplotlib.colormaps.get_cmap()`` or ``pyplot.get_cmap()`` instead.
  cmap      = cm.get_cmap(cmap_name)
/home/austinhunter/IonosphereTomography/demo_group.py:1139: UserWarning: This figure includes Axes that are not compatible with tight_layout, so results might be incorrect.
  plt.tight_layout()
  Saved group plot → ./Figures/GroupKF/group_2024-10-10_0000__LAT+000_LON-050.png
/home/austinhunter/IonosphereTomography/demo_group.py:694: MatplotlibDeprecationWarning: The get_cmap function was deprecated in Matplotlib 3.7 and will be removed in 3.11. Use ``matplotlib.colormaps[name]`` or ``matplotlib.colormaps.get_cmap()`` or ``pyplot.get_cmap()`` instead.
  step_cmap    = cm.get_cmap("viridis", max(n_occs, 2))
  Saved sequential plot → ./Figures/GroupKF/group_2024-10-10_0000__LAT+000_LON-050_sequential.png

[3/833]
────────────────────────────────────────────────────────────
  Group : 2024-10-10_0000__LAT+060_LON-050
  Window: 2024-10-10_0000  |  Region: LAT+060_LON-050  |  2 occultation(s)
────────────────────────────────────────────────────────────
G31 is rising
Data Flipped: E8 is setting
  Parsed 2/2 files successfully.
  Bounding box: lat [27.4, 90.0]  lon [-131.6, 56.8]  |  vertices: 234
  Final group: 2 occultation(s), 234 mesh vertices
  [1/2] Building H for GN05 00:00 (363 rays) …
  -> Building H Matrix (363 rays, parallel)...
  [2/2] Building H for GN05 00:13 (416 rays) …
  -> Building H Matrix (416 rays, parallel)...
  Combined H shape : (779, 12870)  (total rays = 779)
  Running sequential KF assimilation …
  [step 1/2] Assimilating GN05 00:00 (363 rays) …
  [step 2/2] Assimilating GN05 00:13 (416 rays) …
  Prior RMSE : 24.811 TECU
  Post  RMSE : 14.465 TECU
  -> Running Lei-Abel inversion...
    [Abel] GN05 00:00: NmF2=2.70e+11 m⁻³  hmF2=365.8 km
  -> Running Lei-Abel inversion...
    [Abel] GN05 00:13: NmF2=1.55e+11 m⁻³  hmF2=382.9 km
/home/austinhunter/IonosphereTomography/demo_group.py:894: MatplotlibDeprecationWarning: The get_cmap function was deprecated in Matplotlib 3.7 and will be removed in 3.11. Use ``matplotlib.colormaps[name]`` or ``matplotlib.colormaps.get_cmap()`` or ``pyplot.get_cmap()`` instead.
  cmap      = cm.get_cmap(cmap_name)
/home/austinhunter/IonosphereTomography/demo_group.py:1139: UserWarning: This figure includes Axes that are not compatible with tight_layout, so results might be incorrect.
  plt.tight_layout()
  Saved group plot → ./Figures/GroupKF/group_2024-10-10_0000__LAT+060_LON-050.png
/home/austinhunter/IonosphereTomography/demo_group.py:694: MatplotlibDeprecationWarning: The get_cmap function was deprecated in Matplotlib 3.7 and will be removed in 3.11. Use ``matplotlib.colormaps[name]`` or ``matplotlib.colormaps.get_cmap()`` or ``pyplot.get_cmap()`` instead.
  step_cmap    = cm.get_cmap("viridis", max(n_occs, 2))
  Saved sequential plot → ./Figures/GroupKF/group_2024-10-10_0000__LAT+060_LON-050_sequential.png

[4/833]
────────────────────────────────────────────────────────────
  Group : 2024-10-10_0000__LAT+040_LON+100
  Window: 2024-10-10_0000  |  Region: LAT+040_LON+100  |  3 occultation(s)
────────────────────────────────────────────────────────────
Data Flipped: R7 is setting
Data Flipped: C40 is setting
G23 is rising
  Parsed 3/3 files successfully.
  Bounding box: lat [1.0, 85.5]  lon [80.2, -46.6]  |  vertices: 522
  [trim] n_geo=522 > MAX_MESH_VERTICES=400 — dropping GN04 00:06 (9.6° from centroid)
  Bounding box: lat [1.0, 85.5]  lon [80.2, -46.6]  |  vertices: 522
  [trim] n_geo=522 > MAX_MESH_VERTICES=400 — dropping GN04 00:01 (6.9° from centroid)
  Bounding box: lat [1.0, 85.5]  lon [90.4, -46.6]  |  vertices: 500
  Final group: 1 occultation(s), 500 mesh vertices
  [1/1] Building H for GN05 00:08 (1466 rays) …
  -> Building H Matrix (1466 rays, parallel)...
  Combined H shape : (1466, 27500)  (total rays = 1466)
  Running sequential KF assimilation …
  [step 1/1] Assimilating GN05 00:08 (1466 rays) …
