/home/austinhunter/IonosphereTomography
=================================================================
  demo_group.py — Grouped Occultation KF Processing
=================================================================
  Scanning 3547 files for metadata …
  Found 3547 valid files across 494 geographic groups (48 30-min windows).

Batch date     : 2024-10-10
Time bins      : 30-minute windows
Lat bin size   : 30.0°  |  Lon bin size: 60.0°
Polar cap lat  : ±60.0°

Building global EDP cache for 2024-10-10 …
 -> IRI center inputs for 2024-10-10: F10.7=215.6, Ap=97, IG12=129.0, Rz12=160.9
 -> Building 24 hourly global grids with 12 workers ...
EDPS: (50, 1650, 50), N_geo: 1650EDPS: (50, 1650, 50), N_geo: 1650

EDPS: (50, 1650, 50), N_geo: 1650
EDPS: (50, 1650, 50), N_geo: 1650EDPS: (50, 1650, 50), N_geo: 1650

EDPS: (50, 1650, 50), N_geo: 1650
EDPS: (50, 1650, 50), N_geo: 1650EDPS: (50, 1650, 50), N_geo: 1650

EDPS: (50, 1650, 50), N_geo: 1650
EDPS: (50, 1650, 50), N_geo: 1650EDPS: (50, 1650, 50), N_geo: 1650

EDPS: (50, 1650, 50), N_geo: 1650
    [Hour 10] done (1/24)
    [Hour 07] done (2/24)
    [Hour 05] done (3/24)
    [Hour 11] done (4/24)
    [Hour 06] done (5/24)
    [Hour 08] done (6/24)
    [Hour 00] done (7/24)
    [Hour 04] done (8/24)
    [Hour 03] done (9/24)
    [Hour 09] done (10/24)
    [Hour 02] done (11/24)
    [Hour 01] done (12/24)
EDPS: (50, 1650, 50), N_geo: 1650
    [Hour 12] done (13/24)
EDPS: (50, 1650, 50), N_geo: 1650
    [Hour 13] done (14/24)
EDPS: (50, 1650, 50), N_geo: 1650
EDPS: (50, 1650, 50), N_geo: 1650
    [Hour 14] done (15/24)
    [Hour 15] done (16/24)
EDPS: (50, 1650, 50), N_geo: 1650
EDPS: (50, 1650, 50), N_geo: 1650
    [Hour 16] done (17/24)
    [Hour 17] done (18/24)
EDPS: (50, 1650, 50), N_geo: 1650
EDPS: (50, 1650, 50), N_geo: 1650
    [Hour 18] done (19/24)
EDPS: (50, 1650, 50), N_geo: 1650
    [Hour 19] done (20/24)
    [Hour 20] done (21/24)
EDPS: (50, 1650, 50), N_geo: 1650
    [Hour 21] done (22/24)
EDPS: (50, 1650, 50), N_geo: 1650
    [Hour 22] done (23/24)
EDPS: (50, 1650, 50), N_geo: 1650
    [Hour 23] done (24/24)
EDPS: (50, 1650, 50), N_geo: 1650
EDPS: (50, 1650, 50), N_geo: 1650
EDPS: (50, 1650, 50), N_geo: 1650
EDPS: (50, 1650, 50), N_geo: 1650
EDPS: (50, 1650, 50), N_geo: 1650
EDPS: (50, 1650, 50), N_geo: 1650
EDPS: (50, 1650, 50), N_geo: 1650
EDPS: (50, 1650, 50), N_geo: 1650
EDPS: (50, 1650, 50), N_geo: 1650
EDPS: (50, 1650, 50), N_geo: 1650
EDPS: (50, 1650, 50), N_geo: 1650
EDPS: (50, 1650, 50), N_geo: 1650
EDPS: (50, 1650, 50), N_geo: 1650
EDPS: (50, 1650, 50), N_geo: 1650
EDPS: (50, 1650, 50), N_geo: 1650
EDPS: (50, 1650, 50), N_geo: 1650
EDPS: (50, 1650, 50), N_geo: 1650
EDPS: (50, 1650, 50), N_geo: 1650
EDPS: (50, 1650, 50), N_geo: 1650
EDPS: (50, 1650, 50), N_geo: 1650
EDPS: (50, 1650, 50), N_geo: 1650
EDPS: (50, 1650, 50), N_geo: 1650
EDPS: (50, 1650, 50), N_geo: 1650
EDPS: (50, 1650, 50), N_geo: 1650
 -> All 24 hourly global EDP grids loaded.
Global EDP cache ready.

Processing 494 groups …

[1/494]
────────────────────────────────────────────────────────────
  Group : 2024-10-10_0000__LAT+030_LON-120
  Window: 2024-10-10_0000  |  Region: LAT+030_LON-120  |  1 occultation(s)
────────────────────────────────────────────────────────────
E6 is rising
  Parsed 1/1 files successfully.
  Bounding box: lat [19.9, 90.0]  lon [-83.9, -23.8]  |  vertices: 91
  Final group: 1 occultation(s), 91 mesh vertices
  [warn] Trim diagnostic plot failed: cannot access local variable 'cfg' where it is not associated with a value
  [1/1] Building H for GN05 00:00 (515 rays) …
  -> Building H Matrix (515 rays, parallel)...
  Combined H shape : (515, 4641)  (total rays = 515)
  Running sequential KF assimilation …
  [step 1/1] Assimilating GN05 00:00 (515 rays) …
  Running joint (batch) KF assimilation …
  Prior RMSE        : 141.096 TECU
  Post  RMSE (seq)  : 19.807 TECU
  Post  RMSE (joint): 19.807 TECU
  -> Running Lei-Abel inversion...
    [Abel] GN05 00:00: NmF2=4.01e+11 m⁻³  hmF2=364.6 km
/home/austinhunter/IonosphereTomography/demo_group.py:1491: UserWarning: This figure includes Axes that are not compatible with tight_layout, so results might be incorrect.
  plt.tight_layout()
  Saved group plot (Sequential KF) → ./Figures/GroupKF/group_2024-10-10_0000__LAT+030_LON-120_seq.png
/home/austinhunter/IonosphereTomography/demo_group.py:1491: UserWarning: This figure includes Axes that are not compatible with tight_layout, so results might be incorrect.
  plt.tight_layout()
  Saved group plot (Joint KF) → ./Figures/GroupKF/group_2024-10-10_0000__LAT+030_LON-120_joint.png
  [!] Error in group 2024-10-10_0000__LAT+030_LON-120: ColormapRegistry.get_cmap() takes 2 positional arguments but 3 were given

[2/494]
────────────────────────────────────────────────────────────
  Group : 2024-10-10_0000__LAT+000_LON-060
  Window: 2024-10-10_0000  |  Region: LAT+000_LON-060  |  7 occultation(s)
────────────────────────────────────────────────────────────
Data Flipped: E24 is setting
Data Flipped: G9 is setting
Data Flipped: E5 is setting
Data Flipped: G7 is setting
Data Flipped: R14 is setting
R3 is rising
Data not high enough. Skipping.
    [skip] podTc2_GN05.2024.284.00.09.0011.R07.01_0000.0001_nc — parse returned None
  Parsed 6/7 files successfully.
  Bounding box: lat [-19.4, 85.8]  lon [-100.4, -7.0]  |  vertices: 285
  [trim] n_geo=285 > MAX_MESH_VERTICES=200 — dropping GN05 00:09 (39.1° from centroid)
  Bounding box: lat [-19.4, 47.6]  lon [-55.3, -7.0]  |  vertices: 119
  Final group: 5 occultation(s), 119 mesh vertices
  [warn] Trim diagnostic plot failed: cannot access local variable 'cfg' where it is not associated with a value
  [1/5] Building H for GN05 00:00 (214 rays) …
  -> Building H Matrix (214 rays, parallel)...
  [2/5] Building H for GN05 00:03 (286 rays) …
  -> Building H Matrix (286 rays, parallel)...
  [3/5] Building H for GN05 00:05 (153 rays) …
  -> Building H Matrix (153 rays, parallel)...
  [4/5] Building H for GN05 00:08 (132 rays) …
  -> Building H Matrix (132 rays, parallel)...
  [5/5] Building H for GN05 00:08 (90 rays) …
  -> Building H Matrix (90 rays, parallel)...
  Combined H shape : (875, 6069)  (total rays = 875)
  Running sequential KF assimilation …
  [step 1/5] Assimilating GN05 00:00 (214 rays) …
  [step 2/5] Assimilating GN05 00:03 (286 rays) …
  [step 3/5] Assimilating GN05 00:05 (153 rays) …
  [step 4/5] Assimilating GN05 00:08 (132 rays) …
  [step 5/5] Assimilating GN05 00:08 (90 rays) …
  Running joint (batch) KF assimilation …
  Prior RMSE        : 168.239 TECU
  Post  RMSE (seq)  : 101.295 TECU
  Post  RMSE (joint): 74.721 TECU
  -> Running Lei-Abel inversion...
    [Abel] GN05 00:00: NmF2=9.19e+11 m⁻³  hmF2=476.2 km
  -> Running Lei-Abel inversion...
    [Abel] GN05 00:03: NmF2=1.98e+12 m⁻³  hmF2=533.7 km
  -> Running Lei-Abel inversion...
    [Abel] GN05 00:05: NmF2=1.42e+12 m⁻³  hmF2=551.5 km
  -> Running Lei-Abel inversion...
    [Abel] GN05 00:08: NmF2=8.18e+11 m⁻³  hmF2=536.1 km
  -> Running Lei-Abel inversion...
    [Abel] GN05 00:08: NmF2=7.31e+11 m⁻³  hmF2=557.5 km
/home/austinhunter/IonosphereTomography/demo_group.py:1491: UserWarning: This figure includes Axes that are not compatible with tight_layout, so results might be incorrect.
  plt.tight_layout()
  Saved group plot (Sequential KF) → ./Figures/GroupKF/group_2024-10-10_0000__LAT+000_LON-060_seq.png
/home/austinhunter/IonosphereTomography/demo_group.py:1491: UserWarning: This figure includes Axes that are not compatible with tight_layout, so results might be incorrect.
  plt.tight_layout()
  Saved group plot (Joint KF) → ./Figures/GroupKF/group_2024-10-10_0000__LAT+000_LON-060_joint.png
  [!] Error in group 2024-10-10_0000__LAT+000_LON-060: ColormapRegistry.get_cmap() takes 2 positional arguments but 3 were given

[3/494]
────────────────────────────────────────────────────────────
  Group : 2024-10-10_0000__POLAR_N
  Window: 2024-10-10_0000  |  Region: POLAR_N  |  20 occultation(s)
────────────────────────────────────────────────────────────
G31 is rising
C27 is rising
C23 is rising
E33 is rising
R12 is rising
E9 is rising
G26 is rising
C28 is rising
C37 is rising
Data Flipped: E8 is setting
G4 is rising
Data Flipped: R15 is setting
Data Flipped: G15 is setting
Data Flipped: G14 is setting
Data Flipped: E15 is setting
Data Flipped: E7 is setting
Data Flipped: R20 is setting
Data Flipped: G11 is setting
Data Flipped: C45 is setting
Data Flipped: C44 is setting
  Parsed 20/20 files successfully.
  [polar] Bounding box: lat [26.1, 90.0]  lon [-180.0, 180.0]  |  vertices: 462
  [polar-shrink] n_geo=462 > 200 — tightening equatorward edge → lat_min=27.1, lat_max=90.0
  [polar] Bounding box: lat [27.1, 90.0]  lon [-180.0, 180.0]  |  vertices: 449
  [polar-shrink] n_geo=449 > 200 — tightening equatorward edge → lat_min=28.1, lat_max=90.0
  [polar] Bounding box: lat [28.1, 90.0]  lon [-180.0, 180.0]  |  vertices: 436
  [polar-shrink] n_geo=436 > 200 — tightening equatorward edge → lat_min=29.1, lat_max=90.0
  [polar] Bounding box: lat [29.1, 90.0]  lon [-180.0, 180.0]  |  vertices: 424
  [polar-shrink] n_geo=424 > 200 — tightening equatorward edge → lat_min=30.1, lat_max=90.0
  [polar] Bounding box: lat [30.1, 90.0]  lon [-180.0, 180.0]  |  vertices: 411
  [polar-shrink] n_geo=411 > 200 — tightening equatorward edge → lat_min=31.1, lat_max=90.0
  [polar] Bounding box: lat [31.1, 90.0]  lon [-180.0, 180.0]  |  vertices: 399
  [polar-shrink] n_geo=399 > 200 — tightening equatorward edge → lat_min=32.1, lat_max=90.0
  [polar] Bounding box: lat [32.1, 90.0]  lon [-180.0, 180.0]  |  vertices: 387
  [polar-shrink] n_geo=387 > 200 — tightening equatorward edge → lat_min=33.1, lat_max=90.0
  [polar] Bounding box: lat [33.1, 90.0]  lon [-180.0, 180.0]  |  vertices: 374
  [polar-shrink] n_geo=374 > 200 — tightening equatorward edge → lat_min=34.1, lat_max=90.0
  [polar] Bounding box: lat [34.1, 90.0]  lon [-180.0, 180.0]  |  vertices: 362
  [polar-shrink] n_geo=362 > 200 — tightening equatorward edge → lat_min=35.1, lat_max=90.0
  [polar] Bounding box: lat [35.1, 90.0]  lon [-180.0, 180.0]  |  vertices: 351
  [polar-shrink] n_geo=351 > 200 — tightening equatorward edge → lat_min=36.1, lat_max=90.0
  [polar] Bounding box: lat [36.1, 90.0]  lon [-180.0, 180.0]  |  vertices: 339
  [polar-shrink] n_geo=339 > 200 — tightening equatorward edge → lat_min=37.1, lat_max=90.0
  [polar] Bounding box: lat [37.1, 90.0]  lon [-180.0, 180.0]  |  vertices: 327
  [polar-shrink] n_geo=327 > 200 — tightening equatorward edge → lat_min=38.1, lat_max=90.0
  [polar] Bounding box: lat [38.1, 90.0]  lon [-180.0, 180.0]  |  vertices: 316
  [polar-shrink] n_geo=316 > 200 — tightening equatorward edge → lat_min=39.1, lat_max=90.0
  [polar] Bounding box: lat [39.1, 90.0]  lon [-180.0, 180.0]  |  vertices: 305
  [polar-shrink] n_geo=305 > 200 — tightening equatorward edge → lat_min=40.1, lat_max=90.0
  [polar] Bounding box: lat [40.1, 90.0]  lon [-180.0, 180.0]  |  vertices: 294
  [polar-shrink] n_geo=294 > 200 — tightening equatorward edge → lat_min=41.1, lat_max=90.0
  [polar] Bounding box: lat [41.1, 90.0]  lon [-180.0, 180.0]  |  vertices: 283
  [polar-shrink] n_geo=283 > 200 — tightening equatorward edge → lat_min=42.1, lat_max=90.0
  [polar] Bounding box: lat [42.1, 90.0]  lon [-180.0, 180.0]  |  vertices: 272
  [polar-shrink] n_geo=272 > 200 — tightening equatorward edge → lat_min=43.1, lat_max=90.0
  [polar] Bounding box: lat [43.1, 90.0]  lon [-180.0, 180.0]  |  vertices: 261
  [polar-shrink] n_geo=261 > 200 — tightening equatorward edge → lat_min=44.1, lat_max=90.0
  [polar] Bounding box: lat [44.1, 90.0]  lon [-180.0, 180.0]  |  vertices: 251
  [polar-shrink] n_geo=251 > 200 — tightening equatorward edge → lat_min=45.1, lat_max=90.0
  [polar] Bounding box: lat [45.1, 90.0]  lon [-180.0, 180.0]  |  vertices: 241
  [polar-shrink] n_geo=241 > 200 — tightening equatorward edge → lat_min=46.1, lat_max=90.0
  [polar] Bounding box: lat [46.1, 90.0]  lon [-180.0, 180.0]  |  vertices: 231
  [polar-shrink] n_geo=231 > 200 — tightening equatorward edge → lat_min=47.1, lat_max=90.0
  [polar] Bounding box: lat [47.1, 90.0]  lon [-180.0, 180.0]  |  vertices: 221
  [polar-shrink] n_geo=221 > 200 — tightening equatorward edge → lat_min=48.1, lat_max=90.0
  [polar] Bounding box: lat [48.1, 90.0]  lon [-180.0, 180.0]  |  vertices: 211
  [polar-shrink] n_geo=211 > 200 — tightening equatorward edge → lat_min=49.1, lat_max=90.0
  [polar] Bounding box: lat [49.1, 90.0]  lon [-180.0, 180.0]  |  vertices: 201
  [polar-shrink] n_geo=201 > 200 — tightening equatorward edge → lat_min=50.1, lat_max=90.0
  [polar] Bounding box: lat [50.1, 90.0]  lon [-180.0, 180.0]  |  vertices: 192
  Final group: 20 occultation(s), 192 mesh vertices
  [warn] Trim diagnostic plot failed: cannot access local variable 'cfg' where it is not associated with a value
  [1/20] Building H for GN05 00:00 (363 rays) …
  -> Building H Matrix (363 rays, parallel)...
  [2/20] Building H for GN05 00:02 (507 rays) …
  -> Building H Matrix (507 rays, parallel)...
  [3/20] Building H for GN05 00:03 (393 rays) …
  -> Building H Matrix (393 rays, parallel)...
  [4/20] Building H for GN05 00:07 (502 rays) …
  -> Building H Matrix (502 rays, parallel)...
  [5/20] Building H for GN05 00:07 (404 rays) …
  -> Building H Matrix (404 rays, parallel)...
  [6/20] Building H for GN05 00:08 (633 rays) …
  -> Building H Matrix (633 rays, parallel)...
  [7/20] Building H for GN05 00:09 (445 rays) …
  -> Building H Matrix (445 rays, parallel)...
  [8/20] Building H for GN05 00:09 (440 rays) …
  -> Building H Matrix (440 rays, parallel)...
  [9/20] Building H for GN05 00:12 (369 rays) …
  -> Building H Matrix (369 rays, parallel)...
  [10/20] Building H for GN05 00:13 (416 rays) …
  -> Building H Matrix (416 rays, parallel)...
  [11/20] Building H for GN05 00:13 (679 rays) …
  -> Building H Matrix (679 rays, parallel)...
  [12/20] Building H for GN05 00:14 (436 rays) …
  -> Building H Matrix (436 rays, parallel)...
  [13/20] Building H for GN05 00:15 (609 rays) …
  -> Building H Matrix (609 rays, parallel)...
  [14/20] Building H for GN05 00:20 (596 rays) …
  -> Building H Matrix (596 rays, parallel)...
  [15/20] Building H for GN05 00:21 (445 rays) …
  -> Building H Matrix (445 rays, parallel)...
  [16/20] Building H for GN05 00:22 (617 rays) …
  -> Building H Matrix (617 rays, parallel)...
  [17/20] Building H for GN05 00:23 (504 rays) …
  -> Building H Matrix (504 rays, parallel)...
  [18/20] Building H for GN05 00:23 (446 rays) …
  -> Building H Matrix (446 rays, parallel)...
  [19/20] Building H for GN05 00:23 (388 rays) …
  -> Building H Matrix (388 rays, parallel)...
  [20/20] Building H for GN05 00:26 (509 rays) …
  -> Building H Matrix (509 rays, parallel)...
  Combined H shape : (9701, 9792)  (total rays = 9701)
  Running sequential KF assimilation …
  [step 1/20] Assimilating GN05 00:00 (363 rays) …
  [step 2/20] Assimilating GN05 00:02 (507 rays) …
  [step 3/20] Assimilating GN05 00:03 (393 rays) …
  [step 4/20] Assimilating GN05 00:07 (502 rays) …
  [step 5/20] Assimilating GN05 00:07 (404 rays) …
  [step 6/20] Assimilating GN05 00:08 (633 rays) …
  [step 7/20] Assimilating GN05 00:09 (445 rays) …
  [step 8/20] Assimilating GN05 00:09 (440 rays) …
  [step 9/20] Assimilating GN05 00:12 (369 rays) …
  [step 10/20] Assimilating GN05 00:13 (416 rays) …
  [step 11/20] Assimilating GN05 00:13 (679 rays) …
  [step 12/20] Assimilating GN05 00:14 (436 rays) …
  [step 13/20] Assimilating GN05 00:15 (609 rays) …
  [step 14/20] Assimilating GN05 00:20 (596 rays) …
  [step 15/20] Assimilating GN05 00:21 (445 rays) …
  [step 16/20] Assimilating GN05 00:22 (617 rays) …
  [step 17/20] Assimilating GN05 00:23 (504 rays) …
  [step 18/20] Assimilating GN05 00:23 (446 rays) …
  [step 19/20] Assimilating GN05 00:23 (388 rays) …
  [step 20/20] Assimilating GN05 00:26 (509 rays) …
  Running joint (batch) KF assimilation …
  Prior RMSE        : 68.994 TECU
  Post  RMSE (seq)  : 81.784 TECU
  Post  RMSE (joint): 31.293 TECU
  -> Running Lei-Abel inversion...
    [Abel] GN05 00:00: NmF2=2.70e+11 m⁻³  hmF2=365.8 km
  -> Running Lei-Abel inversion...
    [Abel] GN05 00:02: NmF2=5.28e+11 m⁻³  hmF2=361.1 km
  -> Running Lei-Abel inversion...
    [Abel] GN05 00:03: NmF2=5.14e+11 m⁻³  hmF2=339.0 km
  -> Running Lei-Abel inversion...
    [Abel] GN05 00:07: NmF2=7.92e+11 m⁻³  hmF2=255.4 km
  -> Running Lei-Abel inversion...
    [Abel] GN05 00:07: NmF2=7.04e+11 m⁻³  hmF2=376.3 km
  -> Running Lei-Abel inversion...
    [Abel] GN05 00:08: NmF2=7.42e+11 m⁻³  hmF2=258.5 km
  -> Running Lei-Abel inversion...
    [Abel] GN05 00:09: NmF2=4.35e+11 m⁻³  hmF2=360.2 km
  -> Running Lei-Abel inversion...
    [Abel] GN05 00:09: NmF2=1.05e+12 m⁻³  hmF2=268.8 km
  -> Running Lei-Abel inversion...
    [Abel] GN05 00:12: NmF2=7.64e+11 m⁻³  hmF2=272.4 km
  -> Running Lei-Abel inversion...
    [Abel] GN05 00:13: NmF2=1.55e+11 m⁻³  hmF2=382.9 km
  -> Running Lei-Abel inversion...
    [Abel] GN05 00:13: NmF2=1.26e+12 m⁻³  hmF2=294.3 km
  -> Running Lei-Abel inversion...
    [Abel] GN05 00:14: NmF2=3.31e+11 m⁻³  hmF2=389.3 km
  -> Running Lei-Abel inversion...
    [Abel] GN05 00:15: NmF2=4.72e+11 m⁻³  hmF2=443.2 km
  -> Running Lei-Abel inversion...
    [Abel] GN05 00:20: NmF2=6.16e+11 m⁻³  hmF2=338.5 km
  -> Running Lei-Abel inversion...
    [Abel] GN05 00:21: NmF2=5.03e+11 m⁻³  hmF2=346.5 km
  -> Running Lei-Abel inversion...
    [Abel] GN05 00:22: NmF2=6.25e+11 m⁻³  hmF2=362.1 km
  -> Running Lei-Abel inversion...
    [Abel] GN05 00:23: NmF2=5.05e+11 m⁻³  hmF2=293.3 km
  -> Running Lei-Abel inversion...
    [Abel] GN05 00:23: NmF2=5.66e+11 m⁻³  hmF2=317.7 km
  -> Running Lei-Abel inversion...
    [Abel] GN05 00:23: NmF2=5.45e+11 m⁻³  hmF2=321.6 km
  -> Running Lei-Abel inversion...
    [Abel] GN05 00:26: NmF2=6.85e+11 m⁻³  hmF2=272.8 km
/home/austinhunter/IonosphereTomography/demo_group.py:1491: UserWarning: This figure includes Axes that are not compatible with tight_layout, so results might be incorrect.
  plt.tight_layout()
  Saved group plot (Sequential KF) → ./Figures/GroupKF/group_2024-10-10_0000__POLAR_N_seq.png
/home/austinhunter/IonosphereTomography/demo_group.py:1491: UserWarning: This figure includes Axes that are not compatible with tight_layout, so results might be incorrect.
  plt.tight_layout()
  Saved group plot (Joint KF) → ./Figures/GroupKF/group_2024-10-10_0000__POLAR_N_joint.png
  [!] Error in group 2024-10-10_0000__POLAR_N: ColormapRegistry.get_cmap() takes 2 positional arguments but 3 were given

[4/494]
────────────────────────────────────────────────────────────
  Group : 2024-10-10_0000__LAT+030_LON+120
  Window: 2024-10-10_0000  |  Region: LAT+030_LON+120  |  14 occultation(s)
────────────────────────────────────────────────────────────
Data Flipped: R7 is setting
Data Flipped: E2 is setting
Data Flipped: R16 is setting
Data Flipped: R19 is setting
Data Flipped: C35 is setting
Data Flipped: C40 is setting
Data Flipped: G24 is setting
G23 is rising
Data Flipped: C26 is setting
G8 is rising
G27 is rising
E31 is rising
E24 is rising
G9 is rising
  Parsed 14/14 files successfully.
  Bounding box: lat [-1.0, 90.0]  lon [80.2, -46.6]  |  vertices: 543
  [trim] n_geo=543 > MAX_MESH_VERTICES=200 — dropping GN04 00:01 (82.3° from centroid)
  Bounding box: lat [-1.0, 90.0]  lon [90.4, -46.6]  |  vertices: 520
  [trim] n_geo=520 > MAX_MESH_VERTICES=200 — dropping GN05 00:21 (65.4° from centroid)
  Bounding box: lat [-0.4, 90.0]  lon [90.4, -46.6]  |  vertices: 515
  [trim] n_geo=515 > MAX_MESH_VERTICES=200 — dropping GN05 00:13 (67.6° from centroid)
  Bounding box: lat [-0.4, 90.0]  lon [90.4, -46.6]  |  vertices: 515
  [trim] n_geo=515 > MAX_MESH_VERTICES=200 — dropping GN05 00:24 (68.2° from centroid)
  Bounding box: lat [-0.4, 90.0]  lon [90.4, -46.6]  |  vertices: 515
  [trim] n_geo=515 > MAX_MESH_VERTICES=200 — dropping GN04 00:01 (74.5° from centroid)
  Bounding box: lat [-0.4, 90.0]  lon [90.4, -46.6]  |  vertices: 515
  [trim] n_geo=515 > MAX_MESH_VERTICES=200 — dropping GN05 00:12 (72.2° from centroid)
  Bounding box: lat [-0.4, 90.0]  lon [90.4, -46.6]  |  vertices: 515
  [trim] n_geo=515 > MAX_MESH_VERTICES=200 — dropping GN05 00:08 (78.0° from centroid)
  Bounding box: lat [-0.4, 90.0]  lon [115.8, 180.0]  |  vertices: 148
  Final group: 7 occultation(s), 148 mesh vertices
  [warn] Trim diagnostic plot failed: cannot access local variable 'cfg' where it is not associated with a value
  [1/7] Building H for GN04 00:01 (414 rays) …
  -> Building H Matrix (414 rays, parallel)...
  [2/7] Building H for GN04 00:04 (380 rays) …
  -> Building H Matrix (380 rays, parallel)...
  [3/7] Building H for GN04 00:05 (228 rays) …
  -> Building H Matrix (228 rays, parallel)...
  [4/7] Building H for GN04 00:06 (234 rays) …
  -> Building H Matrix (234 rays, parallel)...
  [5/7] Building H for GN04 00:06 (357 rays) …
  -> Building H Matrix (357 rays, parallel)...
  [6/7] Building H for GN04 00:09 (176 rays) …
  -> Building H Matrix (176 rays, parallel)...
  [7/7] Building H for GN05 00:14 (393 rays) …
  -> Building H Matrix (393 rays, parallel)...
