/home/austinhunter/IonosphereTomography
=================================================================
  demo_group.py — Grouped Occultation KF Processing
=================================================================
  Scanning 5819 files for metadata …
  Found 5819 valid files across 702 geographic groups (48 30-min windows).

Batch date     : 2025-06-02
Time bins      : 30-minute windows
Lat bin size   : 30.0°  |  Lon bin size: 60.0°
Polar cap lat  : ±60.0°

Building global EDP cache for 2025-06-02 …
Traceback (most recent call last):
  File "/home/austinhunter/Downloads/PlanetiQ_Code/venv311/lib/python3.11/site-packages/urllib3/connection.py", line 198, in _new_conn
    sock = connection.create_connection(
           ^^^^^^^^^^^^^^^^^^^^^^^^^^^^^
  File "/home/austinhunter/Downloads/PlanetiQ_Code/venv311/lib/python3.11/site-packages/urllib3/util/connection.py", line 60, in create_connection
    for res in socket.getaddrinfo(host, port, family, socket.SOCK_STREAM):
               ^^^^^^^^^^^^^^^^^^^^^^^^^^^^^^^^^^^^^^^^^^^^^^^^^^^^^^^^^^
  File "/usr/lib/python3.11/socket.py", line 962, in getaddrinfo
    for res in _socket.getaddrinfo(host, port, family, type, proto, flags):
               ^^^^^^^^^^^^^^^^^^^^^^^^^^^^^^^^^^^^^^^^^^^^^^^^^^^^^^^^^^^
socket.gaierror: [Errno -3] Temporary failure in name resolution

The above exception was the direct cause of the following exception:

Traceback (most recent call last):
  File "/home/austinhunter/Downloads/PlanetiQ_Code/venv311/lib/python3.11/site-packages/urllib3/connectionpool.py", line 787, in urlopen
    response = self._make_request(
               ^^^^^^^^^^^^^^^^^^^
  File "/home/austinhunter/Downloads/PlanetiQ_Code/venv311/lib/python3.11/site-packages/urllib3/connectionpool.py", line 488, in _make_request
    raise new_e
  File "/home/austinhunter/Downloads/PlanetiQ_Code/venv311/lib/python3.11/site-packages/urllib3/connectionpool.py", line 464, in _make_request
    self._validate_conn(conn)
  File "/home/austinhunter/Downloads/PlanetiQ_Code/venv311/lib/python3.11/site-packages/urllib3/connectionpool.py", line 1093, in _validate_conn
    conn.connect()
  File "/home/austinhunter/Downloads/PlanetiQ_Code/venv311/lib/python3.11/site-packages/urllib3/connection.py", line 753, in connect
    self.sock = sock = self._new_conn()
                       ^^^^^^^^^^^^^^^^
  File "/home/austinhunter/Downloads/PlanetiQ_Code/venv311/lib/python3.11/site-packages/urllib3/connection.py", line 205, in _new_conn
    raise NameResolutionError(self.host, self, e) from e
urllib3.exceptions.NameResolutionError: <urllib3.connection.HTTPSConnection object at 0x7f1aa1a5f1d0>: Failed to resolve 'chain-new.chain-project.net' ([Errno -3] Temporary failure in name resolution)

The above exception was the direct cause of the following exception:

Traceback (most recent call last):
  File "/home/austinhunter/Downloads/PlanetiQ_Code/venv311/lib/python3.11/site-packages/requests/adapters.py", line 667, in send
    resp = conn.urlopen(
           ^^^^^^^^^^^^^
  File "/home/austinhunter/Downloads/PlanetiQ_Code/venv311/lib/python3.11/site-packages/urllib3/connectionpool.py", line 841, in urlopen
    retries = retries.increment(
              ^^^^^^^^^^^^^^^^^^
  File "/home/austinhunter/Downloads/PlanetiQ_Code/venv311/lib/python3.11/site-packages/urllib3/util/retry.py", line 519, in increment
    raise MaxRetryError(_pool, url, reason) from reason  # type: ignore[arg-type]
    ^^^^^^^^^^^^^^^^^^^^^^^^^^^^^^^^^^^^^^^^^^^^^^^^^^^
urllib3.exceptions.MaxRetryError: HTTPSConnectionPool(host='chain-new.chain-project.net', port=443): Max retries exceeded with url: /echaim_downloads/apf107.dat (Caused by NameResolutionError("<urllib3.connection.HTTPSConnection object at 0x7f1aa1a5f1d0>: Failed to resolve 'chain-new.chain-project.net' ([Errno -3] Temporary failure in name resolution)"))

During handling of the above exception, another exception occurred:

Traceback (most recent call last):
  File "/home/austinhunter/IonosphereTomography/demo_group.py", line 2041, in <module>
    demo_group_main()
  File "/home/austinhunter/IonosphereTomography/demo_group.py", line 1941, in demo_group_main
    global_edp_cache = build_daily_global_edps(
                       ^^^^^^^^^^^^^^^^^^^^^^^^
  File "/home/austinhunter/IonosphereTomography/demo.py", line 2381, in build_daily_global_edps
    inp = IRI_Sample_Inputs(date.strftime("%Y-%m-%d 12:00:00"))
          ^^^^^^^^^^^^^^^^^^^^^^^^^^^^^^^^^^^^^^^^^^^^^^^^^^^^^
  File "/home/austinhunter/IonosphereTomography/IRI_Sample_Inputs/IRI_Sample_inputs.py", line 267, in __init__
    self.apf107 = get_apf107()
                  ^^^^^^^^^^^^
  File "/home/austinhunter/IonosphereTomography/IRI_Sample_Inputs/IRI_Sample_inputs.py", line 40, in get_apf107
    response = requests.get(url)
               ^^^^^^^^^^^^^^^^^
  File "/home/austinhunter/Downloads/PlanetiQ_Code/venv311/lib/python3.11/site-packages/requests/api.py", line 73, in get
    return request("get", url, params=params, **kwargs)
           ^^^^^^^^^^^^^^^^^^^^^^^^^^^^^^^^^^^^^^^^^^^^
  File "/home/austinhunter/Downloads/PlanetiQ_Code/venv311/lib/python3.11/site-packages/requests/api.py", line 59, in request
    return session.request(method=method, url=url, **kwargs)
           ^^^^^^^^^^^^^^^^^^^^^^^^^^^^^^^^^^^^^^^^^^^^^^^^^
  File "/home/austinhunter/Downloads/PlanetiQ_Code/venv311/lib/python3.11/site-packages/requests/sessions.py", line 589, in request
    resp = self.send(prep, **send_kwargs)
           ^^^^^^^^^^^^^^^^^^^^^^^^^^^^^^
  File "/home/austinhunter/Downloads/PlanetiQ_Code/venv311/lib/python3.11/site-packages/requests/sessions.py", line 703, in send
    r = adapter.send(request, **kwargs)
        ^^^^^^^^^^^^^^^^^^^^^^^^^^^^^^^
  File "/home/austinhunter/Downloads/PlanetiQ_Code/venv311/lib/python3.11/site-packages/requests/adapters.py", line 700, in send
    raise ConnectionError(e, request=request)
requests.exceptions.ConnectionError: HTTPSConnectionPool(host='chain-new.chain-project.net', port=443): Max retries exceeded with url: /echaim_downloads/apf107.dat (Caused by NameResolutionError("<urllib3.connection.HTTPSConnection object at 0x7f1aa1a5f1d0>: Failed to resolve 'chain-new.chain-project.net' ([Errno -3] Temporary failure in name resolution)"))
