[ISR-DA] Logging this run to: /home/austinhunter/IonosphereTomography/Logs/ISR_DA_Comparison/isr_da_comparison_20260720_235024.log
[ISR-DA] EKF config: alpha=0.25 sigma_obs=10.0 max_rays=100 tol=0.0005 max_iter=20 n_members=200 prior_scale=1.0 free=['log10(NmF2)'] adapt_alpha=True alpha_max=1.0 tec_rmse_tol=5.0
[ISR] Processing 359 new file(s) …
  MAD6400_2025-02-26_beata_40@uhfa.hdf5: 64 profiles
  MAD6400_2025-02-26_beata_60@uhfa.hdf5: 199 profiles
  MAD6400_2025-02-26_manda_60@uhf.hdf5: 31 profiles
  MAD6400_2025-02-27_beata_60@uhfa.hdf5: 244 profiles
  MAD6400_2025-03-03_beata_60@uhfa.hdf5: 882 profiles
  MAD6400_2025-03-04_beata_60@uhfa.hdf5: 500 profiles
  MAD6400_2025-03-15_beata_60@uhfa.hdf5: 239 profiles
  MAD6400_2025-03-21_bella_60@uhf.hdf5: 196 profiles
  MAD6400_2025-03-24_manda_60@uhf.hdf5: 246 profiles
  MAD6400_2025-03-26_beata_60@uhfa.hdf5: 961 profiles
  MAD6400_2025-03-27_beata_60@uhfa.hdf5: 1437 profiles
  MAD6400_2025-03-28_beata_60@uhfa.hdf5: 1432 profiles
  MAD6400_2025-03-29_beata_60@uhfa.hdf5: 1431 profiles
  MAD6400_2025-03-30_beata_60@uhfa.hdf5: 1440 profiles
  MAD6400_2025-03-31_beata_60@uhfa.hdf5: 480 profiles
  MAD6400_2025-03-31_manda_60@uhf.hdf5: 238 profiles
  MAD6400_2025-04-01_beata_60@uhfa.hdf5: 237 profiles
  MAD6400_2025-04-02_beata_30@uhfa.hdf5: 438 profiles
  MAD6400_2025-04-02_beata_60@uhfa.hdf5: 351 profiles
  MAD6400_2025-04-03_beata_60@uhfa.hdf5: 360 profiles
  MAD6400_2025-04-04_beata_60@uhfa.hdf5: 360 profiles
  MAD6400_2025-04-05_beata_60@uhfa.hdf5: 356 profiles
  MAD6400_2025-04-06_beata_60@uhfa.hdf5: 362 profiles
  MAD6400_2025-04-07_beata_60@uhfa.hdf5: 60 profiles
  MAD6400_2025-05-05_leo_120@uhf.hdf5: 244 profiles
  MAD6400_2025-05-10_leo_120@uhf.hdf5: 241 profiles
  MAD6400_2025-05-18_beata_60@uhfa.hdf5: 658 profiles
  MAD6400_2025-05-19_beata_60@uhfa.hdf5: 1440 profiles
  MAD6400_2025-05-20_beata_60@uhfa.hdf5: 956 profiles
  MAD6400_2025-05-20_leo_120@uhf.hdf5: 240 profiles
  MAD6400_2025-05-21_beata_60@uhfa.hdf5: 600 profiles
  MAD6400_2025-07-28_beata_30@uhfa.hdf5: 25 profiles
  MAD6400_2025-07-30_beata_60@uhfa.hdf5: 89 profiles
  MAD6400_2025-08-01_beata_scan@uhfa.hdf5: 141 profiles
  MAD6400_2025-08-02_beata_scan@uhfa.hdf5: 222 profiles
  MAD6400_2025-08-03_beata_scan@uhfa.hdf5: 235 profiles
  MAD6400_2025-08-04_beata_scan@uhfa.hdf5: 235 profiles
  MAD6400_2025-08-05_beata_scan@uhfa.hdf5: 198 profiles
  MAD6400_2025-08-06_beata_scan@uhfa.hdf5: 237 profiles
  MAD6400_2025-08-07_beata_scan@uhfa.hdf5: 61 profiles
  MAD6400_2025-08-12_beata_60@uhfa.hdf5: 350 profiles
  MAD6400_2025-08-27_ipy_30@42m.hdf5: 2 profiles
  MAD6400_2025-09-10_ipy_60@42m.hdf5: 62 profiles
  MAD6400_2025-09-11_ipy_60@42m.hdf5: 80 profiles
  MAD6400_2025-09-12_ipy_60@42m.hdf5: 195 profiles
  MAD6400_2025-09-15_ipy_60@32mc.hdf5: 251 profiles
  MAD6400_2025-09-15_ipy_60@42ma.hdf5: 251 profiles
  MAD6400_2025-09-17_ipy_60@42m.hdf5: 274 profiles
  MAD6400_2025-09-22_beata_60@uhfa.hdf5: 834 profiles
  MAD6400_2025-09-22_ipy_60@42m.hdf5: 925 profiles
  MAD6400_2025-09-23_beata_60@uhfa.hdf5: 1436 profiles
  MAD6400_2025-09-23_ipy_60@42m.hdf5: 1440 profiles
  MAD6400_2025-09-24_beata_60@uhfa.hdf5: 1114 profiles
  MAD6400_2025-09-24_ipy_60@42m.hdf5: 1438 profiles
  MAD6400_2025-09-25_beata_60@uhfa.hdf5: 1432 profiles
  MAD6400_2025-09-25_ipy_60@42m.hdf5: 1440 profiles
  MAD6400_2025-09-26_beata_60@uhfa.hdf5: 600 profiles
  MAD6400_2025-09-26_ipy_60@42m.hdf5: 598 profiles
  MAD6400_2025-09-26_othia_60@42m.hdf5: 96 profiles
  MAD6400_2025-09-30_ipy_60@42m.hdf5: 290 profiles
  MAD6400_2025-09-30_manda_60@42m.hdf5: 9 profiles
  MAD6400_2025-09-30_othia_60@42m.hdf5: 14 profiles
  MAD6400_2025-10-13_ipy_60@42m.hdf5: 79 profiles
  MAD6400_2025-10-14_beata_60@uhfa.hdf5: 695 profiles
  MAD6400_2025-10-14_ipy_30@42m.hdf5: 472 profiles
  MAD6400_2025-10-14_ipy_60@42m.hdf5: 660 profiles
  MAD6400_2025-10-15_beata_60@uhfa.hdf5: 1378 profiles
  MAD6400_2025-10-15_ipy_60@42m.hdf5: 1440 profiles
  MAD6400_2025-10-16_beata_60@uhfa.hdf5: 1425 profiles
  MAD6400_2025-10-16_ipy_60@42m.hdf5: 1440 profiles
  MAD6400_2025-10-17_beata_60@uhfa.hdf5: 1319 profiles
  MAD6400_2025-10-17_ipy_60@42m.hdf5: 1439 profiles
  MAD6400_2025-10-18_ipy_60@42m.hdf5: 1436 profiles
  MAD6400_2025-10-19_ipy_60@42m.hdf5: 931 profiles
  MAD6400_2025-11-03_leo_120@uhf.hdf5: 480 profiles
  MAD6400_2025-11-04_beata_60@uhfa.hdf5: 237 profiles
  MAD6400_2025-11-04_ipy_60@42m.hdf5: 250 profiles
  MAD6400_2025-11-04_leo_120@uhf.hdf5: 285 profiles
  MAD6400_2025-11-05_beata_scan@uhfa.hdf5: 340 profiles
  MAD6400_2025-11-06_beata_60@uhfa.hdf5: 241 profiles
  MAD6400_2025-11-06_beata_scan@uhfa.hdf5: 103 profiles
  MAD6400_2025-11-06_ipy_60@42m.hdf5: 870 profiles
  MAD6400_2025-11-07_ipy_60@42m.hdf5: 827 profiles
  MAD6400_2025-11-10_beata_60@uhfa.hdf5: 360 profiles
  MAD6400_2025-11-11_beata_60@uhfa.hdf5: 412 profiles
  MAD6400_2025-11-11_ipy_60@42m.hdf5: 280 profiles
  MAD6400_2025-11-12_beata_60@uhfa.hdf5: 565 profiles
  MAD6400_2025-11-12_ipy_60@42m.hdf5: 1440 profiles
  MAD6400_2025-11-13_beata_60@uhfa.hdf5: 337 profiles
  MAD6400_2025-11-13_ipy_60@42m.hdf5: 1440 profiles
  MAD6400_2025-11-14_ipy_60@42m.hdf5: 650 profiles
  MAD6400_2025-11-15_ipy_60@42m.hdf5: 324 profiles
  MAD6400_2025-11-16_ipy_60@42m.hdf5: 153 profiles
  MAD6400_2025-11-16_othia_60@42m.hdf5: 174 profiles
  MAD6400_2025-11-17_ipy_60@42m.hdf5: 321 profiles
  MAD6400_2025-11-18_beata_60@uhfa.hdf5: 96 profiles
  MAD6400_2025-11-18_beata_scan@uhfa.hdf5: 241 profiles
  MAD6400_2025-11-18_ipy_60@42m.hdf5: 370 profiles
  MAD6400_2025-11-18_othia_60@42m.hdf5: 159 profiles
  MAD6400_2025-11-19_othia_60@42m.hdf5: 318 profiles
  MAD6400_2025-11-20_beata_scan@uhfa.hdf5: 121 profiles
  MAD6400_2025-11-20_othia_60@42m.hdf5: 316 profiles
  MAD6400_2025-11-21_beata_scan@uhfa.hdf5: 41 profiles
  MAD6400_2025-11-21_ipy_60@42m.hdf5: 90 profiles
  MAD6400_2025-11-21_othia_60@42m.hdf5: 316 profiles
  MAD6400_2025-11-22_ipy_60@42m.hdf5: 271 profiles
  MAD6400_2025-11-22_othia_60@42m.hdf5: 32 profiles
  MAD6400_2025-11-23_beata_scan@uhfa.hdf5: 160 profiles
  MAD6400_2025-11-23_othia_60@42m.hdf5: 372 profiles
  MAD6400_2025-11-24_beata_scan@uhfa.hdf5: 636 profiles
  MAD6400_2025-11-24_ipy_60@42m.hdf5: 1010 profiles
  MAD6400_2025-11-25_beata_scan@uhfa.hdf5: 1009 profiles
  MAD6400_2025-11-25_ipy_60@42m.hdf5: 1440 profiles
  MAD6400_2025-11-26_beata_scan@uhfa.hdf5: 1005 profiles
  MAD6400_2025-11-26_ipy_60@42m.hdf5: 1430 profiles
  MAD6400_2025-11-27_beata_scan@uhfa.hdf5: 1009 profiles
  MAD6400_2025-11-27_ipy_60@42m.hdf5: 1430 profiles
  MAD6400_2025-11-28_beata_scan@uhfa.hdf5: 1005 profiles
  MAD6400_2025-11-28_ipy_60@42m.hdf5: 1142 profiles
  MAD6400_2025-11-29_beata_scan@uhfa.hdf5: 356 profiles
  MAD6400_2025-11-29_ipy_60@42m.hdf5: 480 profiles
  MAD6400_2025-12-07_beata_60@uhfa.hdf5: 240 profiles
  MAD6400_2025-12-08_beata_60@uhfa.hdf5: 301 profiles
  MAD6400_2025-12-08_ipy_60@42m.hdf5: 971 profiles
  MAD6400_2025-12-09_beata_60@uhfa.hdf5: 360 profiles
  MAD6400_2025-12-09_ipy_60@42m.hdf5: 1074 profiles
  MAD6400_2025-12-09_othia_60@42m.hdf5: 359 profiles
  MAD6400_2025-12-10_ipy_60@42m.hdf5: 451 profiles
  MAD6400_2025-12-12_ipy_60@42m.hdf5: 27 profiles
  MAD6400_2025-12-13_manda_60@uhf.hdf5: 357 profiles
  MAD6400_2025-12-14_beata_scan@uhfa.hdf5: 291 profiles
  MAD6400_2025-12-14_ipy_60@42m.hdf5: 422 profiles
  MAD6400_2025-12-14_manda_60@uhf.hdf5: 1082 profiles
  MAD6400_2025-12-15_beata_60@uhfa.hdf5: 240 profiles
  MAD6400_2025-12-15_beata_scan@uhfa.hdf5: 513 profiles
  MAD6400_2025-12-15_ipy_60@42m.hdf5: 1200 profiles
  MAD6400_2025-12-16_beata_60@uhfa.hdf5: 349 profiles
  MAD6400_2025-12-16_beata_scan@uhfa.hdf5: 468 profiles
  MAD6400_2025-12-16_ipy_60@42m.hdf5: 961 profiles
  MAD6400_2025-12-17_beata_60@uhfa.hdf5: 239 profiles
  MAD6400_2025-12-17_beata_scan@uhfa.hdf5: 530 profiles
  MAD6400_2025-12-17_ipy_60@42m.hdf5: 540 profiles
  MAD6400_2025-12-18_beata_60@uhfa.hdf5: 292 profiles
  MAD6400_2025-12-18_beata_scan@uhfa.hdf5: 472 profiles
  MAD6400_2025-12-18_ipy_60@42m.hdf5: 55 profiles
  MAD6400_2025-12-19_beata_scan@uhfa.hdf5: 534 profiles
  MAD6400_2025-12-20_beata_scan@uhfa.hdf5: 237 profiles
  MAD6400_2026-01-06_beata_60@uhfa.hdf5: 239 profiles
  MAD6400_2026-01-13_beata_60@uhfa.hdf5: 240 profiles
  MAD6400_2026-01-13_othia_60@42m.hdf5: 120 profiles
  MAD6400_2026-01-14_othia_60@42m.hdf5: 88 profiles
  MAD6400_2026-01-15_othia_60@42m.hdf5: 121 profiles
  MAD6400_2026-01-16_othia_60@42m.hdf5: 114 profiles
  MAD6400_2026-01-20_ipy_60@42m.hdf5: 419 profiles
  MAD6400_2026-01-20_manda_60@42m.hdf5: 55 profiles
  MAD6400_2026-01-20_othia_60@42m.hdf5: 239 profiles
  MAD6400_2026-01-21_othia_60@42m.hdf5: 357 profiles
  MAD6400_2026-01-22_beata_60@uhfa.hdf5: 240 profiles
  MAD6400_2026-01-29_beata_60@uhfa.hdf5: 240 profiles
  MAD6400_2026-02-02_beata_60@uhfa.hdf5: 284 profiles
  MAD6400_2026-02-02_ipy_60@42m.hdf5: 13 profiles
  MAD6400_2026-02-02_manda_60@42m.hdf5: 69 profiles
  MAD6400_2026-02-03_ipy_60@42m.hdf5: 9 profiles
  MAD6400_2026-02-03_othia_60@42m.hdf5: 109 profiles
  MAD6400_2026-02-05_beata_60@uhfa.hdf5: 242 profiles
  MAD6400_2026-02-09_leo_60@42m.hdf5: 128 profiles
  MAD6400_2026-02-12_beata_60@uhfa.hdf5: 219 profiles
  MAD6400_2026-02-12_manda_60@42m.hdf5: 137 profiles
  MAD6400_2026-02-17_beata_60@uhfa.hdf5: 240 profiles
  MAD6300_2025-02-26_beata_40@uhfa.hdf5: 64 profiles
  MAD6300_2025-02-26_beata_60@uhfa.hdf5: 196 profiles
  MAD6300_2025-02-26_manda_60@uhf.hdf5: 31 profiles
  MAD6300_2025-02-27_beata_60@uhfa.hdf5: 241 profiles
  MAD6300_2025-03-03_beata_60@uhfa.hdf5: 874 profiles
  MAD6300_2025-03-04_beata_60@uhfa.hdf5: 497 profiles
  MAD6300_2025-03-15_beata_60@uhfa.hdf5: 238 profiles
  MAD6300_2025-03-21_bella_60@uhf.hdf5: 196 profiles
  MAD6300_2025-03-24_manda_60@uhf.hdf5: 246 profiles
  MAD6300_2025-03-26_beata_60@uhfa.hdf5: 956 profiles
  MAD6300_2025-03-27_beata_60@uhfa.hdf5: 1424 profiles
  MAD6300_2025-03-28_beata_60@uhfa.hdf5: 1421 profiles
  MAD6300_2025-03-29_beata_60@uhfa.hdf5: 1424 profiles
  MAD6300_2025-03-30_beata_60@uhfa.hdf5: 1432 profiles
  MAD6300_2025-03-31_beata_60@uhfa.hdf5: 478 profiles
  MAD6300_2025-03-31_manda_60@uhf.hdf5: 238 profiles
  MAD6300_2025-04-01_beata_60@uhfa.hdf5: 237 profiles
  MAD6300_2025-04-02_beata_30@uhfa.hdf5: 434 profiles
  MAD6300_2025-04-02_beata_60@uhfa.hdf5: 349 profiles
  MAD6300_2025-04-03_beata_60@uhfa.hdf5: 358 profiles
  MAD6300_2025-04-04_beata_60@uhfa.hdf5: 358 profiles
  MAD6300_2025-04-05_beata_60@uhfa.hdf5: 353 profiles
  MAD6300_2025-04-06_beata_60@uhfa.hdf5: 360 profiles
  MAD6300_2025-04-07_beata_60@uhfa.hdf5: 60 profiles
  MAD6300_2025-05-05_leo_120@uhf.hdf5: 244 profiles
  MAD6300_2025-05-10_leo_120@uhf.hdf5: 241 profiles
  MAD6300_2025-05-18_beata_60@uhfa.hdf5: 653 profiles
  MAD6300_2025-05-19_beata_60@uhfa.hdf5: 1424 profiles
  MAD6300_2025-05-20_beata_60@uhfa.hdf5: 946 profiles
  MAD6300_2025-05-20_leo_120@uhf.hdf5: 240 profiles
  MAD6300_2025-05-21_beata_60@uhfa.hdf5: 597 profiles
  MAD6300_2025-07-28_beata_30@uhfa.hdf5: 25 profiles
  MAD6300_2025-07-30_beata_60@uhfa.hdf5: 88 profiles
  MAD6300_2025-08-01_beata_scan@uhfa.hdf5: 139 profiles
  MAD6300_2025-08-02_beata_scan@uhfa.hdf5: 222 profiles
  MAD6300_2025-08-03_beata_scan@uhfa.hdf5: 235 profiles
  MAD6300_2025-08-04_beata_scan@uhfa.hdf5: 234 profiles
  MAD6300_2025-08-05_beata_scan@uhfa.hdf5: 198 profiles
  MAD6300_2025-08-06_beata_scan@uhfa.hdf5: 237 profiles
  MAD6300_2025-08-07_beata_scan@uhfa.hdf5: 61 profiles
  MAD6300_2025-08-12_beata_60@uhfa.hdf5: 349 profiles
  MAD6300_2025-08-27_ipy_30@42m.hdf5: 0 profiles
  MAD6300_2025-09-10_ipy_60@42m.hdf5: 0 profiles
  MAD6300_2025-09-11_ipy_60@42m.hdf5: 0 profiles
  MAD6300_2025-09-12_ipy_60@42m.hdf5: 0 profiles
  MAD6300_2025-09-15_ipy_60@32mc.hdf5: 0 profiles
  MAD6300_2025-09-15_ipy_60@42ma.hdf5: 0 profiles
  MAD6300_2025-09-17_ipy_60@42m.hdf5: 0 profiles
  MAD6300_2025-09-22_beata_60@uhfa.hdf5: 828 profiles
  MAD6300_2025-09-22_ipy_60@42m.hdf5: 0 profiles
  MAD6300_2025-09-23_beata_60@uhfa.hdf5: 1424 profiles
  MAD6300_2025-09-23_ipy_60@42m.hdf5: 0 profiles
  MAD6300_2025-09-24_beata_60@uhfa.hdf5: 1109 profiles
  MAD6300_2025-09-24_ipy_60@42m.hdf5: 0 profiles
  MAD6300_2025-09-25_beata_60@uhfa.hdf5: 1422 profiles
  MAD6300_2025-09-25_ipy_60@42m.hdf5: 0 profiles
  MAD6300_2025-09-26_beata_60@uhfa.hdf5: 598 profiles
  MAD6300_2025-09-26_ipy_60@42m.hdf5: 0 profiles
  MAD6300_2025-09-26_othia_60@42m.hdf5: 0 profiles
  MAD6300_2025-09-30_ipy_60@42m.hdf5: 0 profiles
  MAD6300_2025-09-30_manda_60@42m.hdf5: 0 profiles
  MAD6300_2025-09-30_othia_60@42m.hdf5: 0 profiles
  MAD6300_2025-10-13_ipy_60@42m.hdf5: 0 profiles
[ISR-DA] Log written to: /home/austinhunter/IonosphereTomography/Logs/ISR_DA_Comparison/isr_da_comparison_20260720_235024.log
